
> yasenglishlab@0.1.0 test:integration:db
> node scripts/run-sql-tests.mjs integration


▶ psql supabase/tests/domain_invariants.sql
INSERT 0 3
INSERT 0 0
INSERT 0 1
INSERT 0 2
INSERT 0 1
INSERT 0 1
DO
INSERT 0 1
DO
INSERT 0 1
INSERT 0 1
INSERT 0 1
UPDATE 1
DO

▶ psql supabase/tests/vertical_slice_persistence.sql
INSERT 0 2
INSERT 0 2
INSERT 0 2
SET
              set_config
--------------------------------------
 83000000-0000-0000-0000-000000000001
(1 row)

                         set_config
-------------------------------------------------------------
 {"sub":"83000000-0000-0000-0000-000000000001","aal":"aal1"}
(1 row)

DO
DO
              set_config
--------------------------------------
 83000000-0000-0000-0000-000000000002
(1 row)

                         set_config
-------------------------------------------------------------
 {"sub":"83000000-0000-0000-0000-000000000002","aal":"aal1"}
(1 row)

DO
RESET
DO

▶ psql supabase/tests/practice_persistence.sql
INSERT 0 2
INSERT 0 2
SET
              set_config
--------------------------------------
 84000000-0000-0000-0000-000000000001
(1 row)

                         set_config
-------------------------------------------------------------
 {"sub":"84000000-0000-0000-0000-000000000001","aal":"aal1"}
(1 row)

DO
              set_config
--------------------------------------
 84000000-0000-0000-0000-000000000002
(1 row)

                         set_config
-------------------------------------------------------------
 {"sub":"84000000-0000-0000-0000-000000000002","aal":"aal1"}
(1 row)

DO
RESET
DO

▶ psql supabase/tests/schedule_booking.sql
INSERT 0 4
INSERT 0 4
INSERT 0 1
INSERT 0 3
INSERT 0 3
DELETE 0
SET
              set_config
--------------------------------------
 85000000-0000-0000-0000-000000000001
(1 row)

                         set_config
-------------------------------------------------------------
 {"sub":"85000000-0000-0000-0000-000000000001","aal":"aal1"}
(1 row)

DO
              set_config
--------------------------------------
 85000000-0000-0000-0000-000000000003
(1 row)

                         set_config
-------------------------------------------------------------
 {"sub":"85000000-0000-0000-0000-000000000003","aal":"aal1"}
(1 row)

DO
              set_config
--------------------------------------
 85000000-0000-0000-0000-000000000001
(1 row)

                         set_config
-------------------------------------------------------------
 {"sub":"85000000-0000-0000-0000-000000000001","aal":"aal1"}
(1 row)

DO
              set_config
--------------------------------------
 85000000-0000-0000-0000-000000000002
(1 row)

                         set_config
-------------------------------------------------------------
 {"sub":"85000000-0000-0000-0000-000000000002","aal":"aal1"}
(1 row)

DO
RESET
DO

▶ psql supabase/tests/booking_quota.sql
BEGIN
CREATE FUNCTION
INSERT 0 3
INSERT 0 3
INSERT 0 1
INSERT 0 2
INSERT 0 6
SET
              set_config
--------------------------------------
 9b000000-0000-0000-0000-000000000001
(1 row)

                         set_config
-------------------------------------------------------------
 {"sub":"9b000000-0000-0000-0000-000000000001","aal":"aal1"}
(1 row)

          book_live_session
--------------------------------------
 f9b4f688-ace3-4aa4-b27e-5b468c6c1fc9
(1 row)

 assert_true
-------------

(1 row)

          book_live_session
--------------------------------------
 f08def12-c555-4575-a4a4-6204d0888cc1
(1 row)

          book_live_session
--------------------------------------
 b090cc61-ce78-4000-b700-dd792f7b5fec
(1 row)

 assert_true
-------------

(1 row)

          book_live_session
--------------------------------------
 e1deaed9-5302-404d-9e0e-853c23c274d1
(1 row)

 assert_true
-------------

(1 row)

         cancel_live_booking
--------------------------------------
 f9b4f688-ace3-4aa4-b27e-5b468c6c1fc9
(1 row)

         cancel_live_booking
--------------------------------------
 f9b4f688-ace3-4aa4-b27e-5b468c6c1fc9
(1 row)

          book_live_session
--------------------------------------
 3ec33b18-48c6-4953-ba6d-b2565025a9e3
(1 row)

 assert_true
-------------

(1 row)

         cancel_live_booking
--------------------------------------
 3ec33b18-48c6-4953-ba6d-b2565025a9e3
(1 row)

          book_live_session
--------------------------------------
 f9b4f688-ace3-4aa4-b27e-5b468c6c1fc9
(1 row)

 assert_true
-------------

(1 row)

RESET
 assert_true
-------------

(1 row)

 assert_true
-------------

(1 row)

              set_config
--------------------------------------
 9b000000-0000-0000-0000-000000000003
(1 row)

                         set_config
-------------------------------------------------------------
 {"sub":"9b000000-0000-0000-0000-000000000003","aal":"aal2"}
(1 row)

SET
                            mark_teacher_attendance
--------------------------------------------------------------------------------
 (274de7bd-2bde-499f-a5e8-6c0a5272ce10,NO_SHOW,"2026-10-02 04:56:57.846003+00")
(1 row)

RESET
 assert_true
-------------

(1 row)

SET
 cancel_teacher_live_session
-----------------------------

(1 row)

RESET
 assert_true
-------------

(1 row)

              set_config
--------------------------------------
 9b000000-0000-0000-0000-000000000001
(1 row)

                         set_config
-------------------------------------------------------------
 {"sub":"9b000000-0000-0000-0000-000000000001","aal":"aal1"}
(1 row)

SET
          book_live_session
--------------------------------------
 3ec33b18-48c6-4953-ba6d-b2565025a9e3
(1 row)

RESET
 assert_true
-------------

(1 row)

 assert_true
-------------

(1 row)

 assert_true
-------------

(1 row)

 assert_true
-------------

(1 row)

 assert_true
-------------

(1 row)

 assert_true
-------------

(1 row)

ROLLBACK

▶ psql supabase/tests/cohorts.sql
BEGIN
CREATE FUNCTION
INSERT 0 5
INSERT 0 5
INSERT 0 2
INSERT 0 2
INSERT 0 1
INSERT 0 2
INSERT 0 2
INSERT 0 2
INSERT 0 3
SET
              set_config
--------------------------------------
 9c000000-0000-0000-0000-000000000001
(1 row)

                         set_config
-------------------------------------------------------------
 {"sub":"9c000000-0000-0000-0000-000000000001","aal":"aal1"}
(1 row)

 check_cohort
--------------

(1 row)

 check_cohort
--------------

(1 row)

 check_cohort
--------------

(1 row)

 check_cohort
--------------

(1 row)

          book_live_session
--------------------------------------
 f2f0b930-c0d8-41a8-839d-2ea32a92780e
(1 row)

DO
              set_config
--------------------------------------
 9c000000-0000-0000-0000-000000000002
(1 row)

                         set_config
-------------------------------------------------------------
 {"sub":"9c000000-0000-0000-0000-000000000002","aal":"aal1"}
(1 row)

DO
              set_config
--------------------------------------
 9c000000-0000-0000-0000-000000000003
(1 row)

                         set_config
-------------------------------------------------------------
 {"sub":"9c000000-0000-0000-0000-000000000003","aal":"aal1"}
(1 row)

 check_cohort
--------------

(1 row)

 check_cohort
--------------

(1 row)

                         set_config
-------------------------------------------------------------
 {"sub":"9c000000-0000-0000-0000-000000000003","aal":"aal2"}
(1 row)

 check_cohort
--------------

(1 row)

 check_cohort
--------------

(1 row)

 check_cohort
--------------

(1 row)

 check_cohort
--------------

(1 row)

DO
              set_config
--------------------------------------
 9c000000-0000-0000-0000-000000000005
(1 row)

                         set_config
-------------------------------------------------------------
 {"sub":"9c000000-0000-0000-0000-000000000005","aal":"aal1"}
(1 row)

DO
                         set_config
-------------------------------------------------------------
 {"sub":"9c000000-0000-0000-0000-000000000005","aal":"aal2"}
(1 row)

            manage_cohort
--------------------------------------
 9c200000-0000-0000-0000-000000000001
(1 row)

              set_config
--------------------------------------
 9c000000-0000-0000-0000-000000000001
(1 row)

                         set_config
-------------------------------------------------------------
 {"sub":"9c000000-0000-0000-0000-000000000001","aal":"aal1"}
(1 row)

 check_cohort
--------------

(1 row)

         cancel_live_booking
--------------------------------------
 f2f0b930-c0d8-41a8-839d-2ea32a92780e
(1 row)

DO
              set_config
--------------------------------------
 9c000000-0000-0000-0000-000000000003
(1 row)

                         set_config
-------------------------------------------------------------
 {"sub":"9c000000-0000-0000-0000-000000000003","aal":"aal2"}
(1 row)

 check_cohort
--------------

(1 row)

RESET
INSERT 0 1
SET
 check_cohort
--------------

(1 row)

RESET
 check_cohort
--------------

(1 row)

 check_cohort
--------------

(1 row)

 check_cohort
--------------

(1 row)

ROLLBACK

▶ psql supabase/tests/teacher_operations.sql
DELETE 0
DELETE 0
DELETE 0
DELETE 0
DELETE 0
DELETE 0
INSERT 0 6
INSERT 0 6
INSERT 0 2
INSERT 0 1
INSERT 0 2
INSERT 0 3
DO
SET
              set_config
--------------------------------------
 89000000-0000-0000-0000-000000000003
(1 row)

                         set_config
-------------------------------------------------------------
 {"sub":"89000000-0000-0000-0000-000000000003","aal":"aal1"}
(1 row)

DO
              set_config
--------------------------------------
 89000000-0000-0000-0000-000000000005
(1 row)

                         set_config
-------------------------------------------------------------
 {"sub":"89000000-0000-0000-0000-000000000005","aal":"aal2"}
(1 row)

DO
              set_config
--------------------------------------
 89000000-0000-0000-0000-000000000006
(1 row)

                         set_config
-------------------------------------------------------------
 {"sub":"89000000-0000-0000-0000-000000000006","aal":"aal2"}
(1 row)

DO
              set_config
--------------------------------------
 89000000-0000-0000-0000-000000000001
(1 row)

                         set_config
-------------------------------------------------------------
 {"sub":"89000000-0000-0000-0000-000000000001","aal":"aal1"}
(1 row)

DO
                         set_config
-------------------------------------------------------------
 {"sub":"89000000-0000-0000-0000-000000000001","aal":"aal2"}
(1 row)

DO
DO
              set_config
--------------------------------------
 89000000-0000-0000-0000-000000000002
(1 row)

                         set_config
-------------------------------------------------------------
 {"sub":"89000000-0000-0000-0000-000000000002","aal":"aal2"}
(1 row)

DO
RESET
INSERT 0 1
SET
              set_config
--------------------------------------
 89000000-0000-0000-0000-000000000001
(1 row)

                         set_config
-------------------------------------------------------------
 {"sub":"89000000-0000-0000-0000-000000000001","aal":"aal2"}
(1 row)

DO
RESET
DO

▶ psql supabase/tests/admin_content.sql
BEGIN
INSERT 0 4
INSERT 0 4
CREATE TABLE
GRANT
CREATE FUNCTION
CREATE FUNCTION
SET
              set_config
--------------------------------------
 98000000-0000-4000-8000-000000000001
(1 row)

                                     set_config
------------------------------------------------------------------------------------
 {"sub":"98000000-0000-4000-8000-000000000001","aal":"aal1","role":"authenticated"}
(1 row)

 denied
--------

(1 row)

 denied
--------

(1 row)

              set_config
--------------------------------------
 98000000-0000-4000-8000-000000000001
(1 row)

                                     set_config
------------------------------------------------------------------------------------
 {"sub":"98000000-0000-4000-8000-000000000001","aal":"aal2","role":"authenticated"}
(1 row)

INSERT 0 1
INSERT 0 1
INSERT 0 1
INSERT 0 1
INSERT 0 1
INSERT 0 1
INSERT 0 1
INSERT 0 1
INSERT 0 1
 assert_true
-------------

(1 row)

 denied
--------

(1 row)

 denied
--------

(1 row)

 denied
--------

(1 row)

 denied
--------

(1 row)

 denied
--------

(1 row)

          admin_content_save
--------------------------------------
 61d6febf-d50f-4d5c-9d74-65ca15e6f19a
(1 row)

 assert_true
-------------

(1 row)

RESET
INSERT 0 1
SET
              set_config
--------------------------------------
 98000000-0000-4000-8000-000000000002
(1 row)

                                     set_config
------------------------------------------------------------------------------------
 {"sub":"98000000-0000-4000-8000-000000000002","aal":"aal1","role":"authenticated"}
(1 row)

 assert_true
-------------

(1 row)

 assert_true
-------------

(1 row)

 assert_true
-------------

(1 row)

 assert_true
-------------

(1 row)

 assert_true
-------------

(1 row)

 assert_true
-------------

(1 row)

 denied
--------

(1 row)

 denied
--------

(1 row)

 denied
--------

(1 row)

              set_config
--------------------------------------
 98000000-0000-4000-8000-000000000003
(1 row)

                                     set_config
------------------------------------------------------------------------------------
 {"sub":"98000000-0000-4000-8000-000000000003","aal":"aal2","role":"authenticated"}
(1 row)

 assert_true
-------------

(1 row)

 denied
--------

(1 row)

 denied
--------

(1 row)

              set_config
--------------------------------------
 98000000-0000-4000-8000-000000000004
(1 row)

                                     set_config
------------------------------------------------------------------------------------
 {"sub":"98000000-0000-4000-8000-000000000004","aal":"aal2","role":"authenticated"}
(1 row)

 denied
--------

(1 row)

              set_config
--------------------------------------
 98000000-0000-4000-8000-000000000001
(1 row)

                                     set_config
------------------------------------------------------------------------------------
 {"sub":"98000000-0000-4000-8000-000000000001","aal":"aal2","role":"authenticated"}
(1 row)

 admin_content_transition
--------------------------

(1 row)

 admin_content_transition
--------------------------

(1 row)

 admin_content_transition
--------------------------

(1 row)

 admin_content_transition
--------------------------

(1 row)

 admin_content_transition
--------------------------

(1 row)

 denied
--------

(1 row)

 denied
--------

(1 row)

              set_config
--------------------------------------
 98000000-0000-4000-8000-000000000002
(1 row)

                                     set_config
------------------------------------------------------------------------------------
 {"sub":"98000000-0000-4000-8000-000000000002","aal":"aal1","role":"authenticated"}
(1 row)

 assert_true
-------------

(1 row)

 assert_true
-------------

(1 row)

 assert_true
-------------

(1 row)

              set_config
--------------------------------------
 98000000-0000-4000-8000-000000000001
(1 row)

                                     set_config
------------------------------------------------------------------------------------
 {"sub":"98000000-0000-4000-8000-000000000001","aal":"aal2","role":"authenticated"}
(1 row)

 admin_content_transition
--------------------------

(1 row)

 denied
--------

(1 row)

 admin_content_reorder
-----------------------

(1 row)

 admin_content_reorder
-----------------------

(1 row)

 admin_content_reorder
-----------------------

(1 row)

 assert_true
-------------

(1 row)

 assert_true
-------------

(1 row)

 assert_true
-------------

(1 row)

 denied
--------

(1 row)

 denied
--------

(1 row)

 assert_true
-------------

(1 row)

              set_config
--------------------------------------
 98000000-0000-4000-8000-000000000002
(1 row)

                                     set_config
------------------------------------------------------------------------------------
 {"sub":"98000000-0000-4000-8000-000000000002","aal":"aal1","role":"authenticated"}
(1 row)

 assert_true
-------------

(1 row)

 assert_true
-------------

(1 row)

 assert_true
-------------

(1 row)

 assert_true
-------------

(1 row)

 assert_true
-------------

(1 row)

 assert_true
-------------

(1 row)

 assert_true
-------------

(1 row)

 assert_true
-------------

(1 row)

                                                                                                                           record_lesson_progress
----------------------------------------------------------------------------------------------------------------------------------------------------------------------------------------------------------------------------------------------------------------------------
 (37f10223-8d4d-4c93-8b6f-44c56374495c,e85482c6-76f6-4420-88e0-f7a3017ce7a6,ae5ba707-b7f0-411e-a044-bfb5e08300fd,IN_PROGRESS,25.00,"2026-10-02 04:56:59.738345+00",,"2026-10-02 04:56:59.738345+00",98000000-0000-4000-8000-000000000002,0,"2026-10-02 04:56:59.738345+00")
(1 row)

                                                                                                             start_practice_attempt
------------------------------------------------------------------------------------------------------------------------------------------------------------------------------------------------------------------------------------------------
 (9862dd0a-e865-4a54-b3fb-76571d5e2e41,98000000-0000-4000-8000-000000000002,d9f95cd4-ee5f-4a3c-889e-4c99bb3b9c81,IN_PROGRESS,"2026-10-02 04:56:59.738345+00",,"{""evaluation_mode"": ""MANUAL_PENDING""}",3a684f4f-3137-4ccd-b7d9-d43cf0bfd031)
(1 row)

              set_config
--------------------------------------
 98000000-0000-4000-8000-000000000001
(1 row)

                                     set_config
------------------------------------------------------------------------------------
 {"sub":"98000000-0000-4000-8000-000000000001","aal":"aal2","role":"authenticated"}
(1 row)

 admin_content_transition
--------------------------

(1 row)

 assert_true
-------------

(1 row)

 assert_true
-------------

(1 row)

 assert_true
-------------

(1 row)

              set_config
--------------------------------------
 98000000-0000-4000-8000-000000000002
(1 row)

                                     set_config
------------------------------------------------------------------------------------
 {"sub":"98000000-0000-4000-8000-000000000002","aal":"aal1","role":"authenticated"}
(1 row)

 assert_true
-------------

(1 row)

 denied
--------

(1 row)

RESET
CREATE FUNCTION
CREATE TRIGGER
SET
              set_config
--------------------------------------
 98000000-0000-4000-8000-000000000001
(1 row)

                                     set_config
------------------------------------------------------------------------------------
 {"sub":"98000000-0000-4000-8000-000000000001","aal":"aal2","role":"authenticated"}
(1 row)

 denied
--------

(1 row)

 assert_true
-------------

(1 row)

RESET
DROP TRIGGER
SET
              set_config
--------------------------------------
 98000000-0000-4000-8000-000000000001
(1 row)

                                     set_config
------------------------------------------------------------------------------------
 {"sub":"98000000-0000-4000-8000-000000000001","aal":"aal2","role":"authenticated"}
(1 row)

INSERT 0 1
 denied
--------

(1 row)

 assert_true
-------------

(1 row)

INSERT 0 1
 denied
--------

(1 row)

INSERT 0 1
 denied
--------

(1 row)

INSERT 0 1
 admin_content_transition
--------------------------

(1 row)

 assert_true
-------------

(1 row)

              set_config
--------------------------------------
 98000000-0000-4000-8000-000000000001
(1 row)

                                     set_config
------------------------------------------------------------------------------------
 {"sub":"98000000-0000-4000-8000-000000000001","aal":"aal1","role":"authenticated"}
(1 row)

 denied
--------

(1 row)

 denied
--------

(1 row)

RESET
 assert_true
-------------

(1 row)

 assert_true
-------------

(1 row)

ROLLBACK

▶ psql supabase/tests/assessment_engine.sql
BEGIN
INSERT 0 2
INSERT 0 2
INSERT 0 1
INSERT 0 4
INSERT 0 5
UPDATE 3
SET
              set_config
--------------------------------------
 86000000-0000-4000-8000-000000000001
(1 row)

                         set_config
-------------------------------------------------------------
 {"sub":"86000000-0000-4000-8000-000000000001","aal":"aal1"}
(1 row)

DO
DO
DO
              set_config
--------------------------------------
 86000000-0000-4000-8000-000000000002
(1 row)

                         set_config
-------------------------------------------------------------
 {"sub":"86000000-0000-4000-8000-000000000002","aal":"aal1"}
(1 row)

DO
RESET
DO
ROLLBACK

▶ real Agenda concurrency
✓ Agenda real concurrency passed: two concurrent users, exactly one BOOKED.
✓ Quota real concurrency passed: one Student, two distinct sessions, limit=1, exactly one BOOKED.

✓ integration SQL suite passed (9 file(s)).

> yasenglishlab@0.1.0 test:rls
> node scripts/run-sql-tests.mjs rls


▶ psql supabase/tests/cohorts.sql
BEGIN
CREATE FUNCTION
INSERT 0 5
INSERT 0 5
INSERT 0 2
INSERT 0 2
INSERT 0 1
INSERT 0 2
INSERT 0 2
INSERT 0 2
INSERT 0 3
SET
              set_config
--------------------------------------
 9c000000-0000-0000-0000-000000000001
(1 row)

                         set_config
-------------------------------------------------------------
 {"sub":"9c000000-0000-0000-0000-000000000001","aal":"aal1"}
(1 row)

 check_cohort
--------------

(1 row)

 check_cohort
--------------

(1 row)

 check_cohort
--------------

(1 row)

 check_cohort
--------------

(1 row)

          book_live_session
--------------------------------------
 f4ecacb0-c088-44b9-95cd-1f5e1343560d
(1 row)

DO
              set_config
--------------------------------------
 9c000000-0000-0000-0000-000000000002
(1 row)

                         set_config
-------------------------------------------------------------
 {"sub":"9c000000-0000-0000-0000-000000000002","aal":"aal1"}
(1 row)

DO
              set_config
--------------------------------------
 9c000000-0000-0000-0000-000000000003
(1 row)

                         set_config
-------------------------------------------------------------
 {"sub":"9c000000-0000-0000-0000-000000000003","aal":"aal1"}
(1 row)

 check_cohort
--------------

(1 row)

 check_cohort
--------------

(1 row)

                         set_config
-------------------------------------------------------------
 {"sub":"9c000000-0000-0000-0000-000000000003","aal":"aal2"}
(1 row)

 check_cohort
--------------

(1 row)

 check_cohort
--------------

(1 row)

 check_cohort
--------------

(1 row)

 check_cohort
--------------

(1 row)

DO
              set_config
--------------------------------------
 9c000000-0000-0000-0000-000000000005
(1 row)

                         set_config
-------------------------------------------------------------
 {"sub":"9c000000-0000-0000-0000-000000000005","aal":"aal1"}
(1 row)

DO
                         set_config
-------------------------------------------------------------
 {"sub":"9c000000-0000-0000-0000-000000000005","aal":"aal2"}
(1 row)

            manage_cohort
--------------------------------------
 9c200000-0000-0000-0000-000000000001
(1 row)

              set_config
--------------------------------------
 9c000000-0000-0000-0000-000000000001
(1 row)

                         set_config
-------------------------------------------------------------
 {"sub":"9c000000-0000-0000-0000-000000000001","aal":"aal1"}
(1 row)

 check_cohort
--------------

(1 row)

         cancel_live_booking
--------------------------------------
 f4ecacb0-c088-44b9-95cd-1f5e1343560d
(1 row)

DO
              set_config
--------------------------------------
 9c000000-0000-0000-0000-000000000003
(1 row)

                         set_config
-------------------------------------------------------------
 {"sub":"9c000000-0000-0000-0000-000000000003","aal":"aal2"}
(1 row)

 check_cohort
--------------

(1 row)

RESET
INSERT 0 1
SET
 check_cohort
--------------

(1 row)

RESET
 check_cohort
--------------

(1 row)

 check_cohort
--------------

(1 row)

 check_cohort
--------------

(1 row)

ROLLBACK

▶ psql supabase/tests/rls_permissions.sql
INSERT 0 6
INSERT 0 6
INSERT 0 2
INSERT 0 1
INSERT 0 1
INSERT 0 1
INSERT 0 1
INSERT 0 3
INSERT 0 2
INSERT 0 2
INSERT 0 1
INSERT 0 1
INSERT 0 1
INSERT 0 1
INSERT 0 1
SET
              set_config
--------------------------------------
 81000000-0000-0000-0000-000000000001
(1 row)

                         set_config
-------------------------------------------------------------
 {"sub":"81000000-0000-0000-0000-000000000001","aal":"aal1"}
(1 row)

DO
DO
              set_config
--------------------------------------
 81000000-0000-0000-0000-000000000002
(1 row)

                         set_config
-------------------------------------------------------------
 {"sub":"81000000-0000-0000-0000-000000000002","aal":"aal1"}
(1 row)

DO
              set_config
--------------------------------------
 81000000-0000-0000-0000-000000000003
(1 row)

                         set_config
-------------------------------------------------------------
 {"sub":"81000000-0000-0000-0000-000000000003","aal":"aal1"}
(1 row)

DO
                         set_config
-------------------------------------------------------------
 {"sub":"81000000-0000-0000-0000-000000000003","aal":"aal2"}
(1 row)

DO
              set_config
--------------------------------------
 81000000-0000-0000-0000-000000000004
(1 row)

                         set_config
-------------------------------------------------------------
 {"sub":"81000000-0000-0000-0000-000000000004","aal":"aal2"}
(1 row)

DO
              set_config
--------------------------------------
 81000000-0000-0000-0000-000000000005
(1 row)

                         set_config
-------------------------------------------------------------
 {"sub":"81000000-0000-0000-0000-000000000005","aal":"aal2"}
(1 row)

DO
              set_config
--------------------------------------
 81000000-0000-0000-0000-000000000006
(1 row)

                         set_config
-------------------------------------------------------------
 {"sub":"81000000-0000-0000-0000-000000000006","aal":"aal1"}
(1 row)

DO
                         set_config
-------------------------------------------------------------
 {"sub":"81000000-0000-0000-0000-000000000006","aal":"aal2"}
(1 row)

DO
RESET
DO

▶ psql supabase/tests/teacher_operations.sql
DELETE 1
DELETE 1
DELETE 3
DELETE 2
DELETE 1
DELETE 2
INSERT 0 0
INSERT 0 0
INSERT 0 2
INSERT 0 1
INSERT 0 2
INSERT 0 3
DO
SET
              set_config
--------------------------------------
 89000000-0000-0000-0000-000000000003
(1 row)

                         set_config
-------------------------------------------------------------
 {"sub":"89000000-0000-0000-0000-000000000003","aal":"aal1"}
(1 row)

DO
              set_config
--------------------------------------
 89000000-0000-0000-0000-000000000005
(1 row)

                         set_config
-------------------------------------------------------------
 {"sub":"89000000-0000-0000-0000-000000000005","aal":"aal2"}
(1 row)

DO
              set_config
--------------------------------------
 89000000-0000-0000-0000-000000000006
(1 row)

                         set_config
-------------------------------------------------------------
 {"sub":"89000000-0000-0000-0000-000000000006","aal":"aal2"}
(1 row)

DO
              set_config
--------------------------------------
 89000000-0000-0000-0000-000000000001
(1 row)

                         set_config
-------------------------------------------------------------
 {"sub":"89000000-0000-0000-0000-000000000001","aal":"aal1"}
(1 row)

DO
                         set_config
-------------------------------------------------------------
 {"sub":"89000000-0000-0000-0000-000000000001","aal":"aal2"}
(1 row)

DO
DO
              set_config
--------------------------------------
 89000000-0000-0000-0000-000000000002
(1 row)

                         set_config
-------------------------------------------------------------
 {"sub":"89000000-0000-0000-0000-000000000002","aal":"aal2"}
(1 row)

DO
RESET
INSERT 0 1
SET
              set_config
--------------------------------------
 89000000-0000-0000-0000-000000000001
(1 row)

                         set_config
-------------------------------------------------------------
 {"sub":"89000000-0000-0000-0000-000000000001","aal":"aal2"}
(1 row)

DO
RESET
DO

▶ psql supabase/tests/admin_content.sql
BEGIN
INSERT 0 4
INSERT 0 4
CREATE TABLE
GRANT
CREATE FUNCTION
CREATE FUNCTION
SET
              set_config
--------------------------------------
 98000000-0000-4000-8000-000000000001
(1 row)

                                     set_config
------------------------------------------------------------------------------------
 {"sub":"98000000-0000-4000-8000-000000000001","aal":"aal1","role":"authenticated"}
(1 row)

 denied
--------

(1 row)

 denied
--------

(1 row)

              set_config
--------------------------------------
 98000000-0000-4000-8000-000000000001
(1 row)

                                     set_config
------------------------------------------------------------------------------------
 {"sub":"98000000-0000-4000-8000-000000000001","aal":"aal2","role":"authenticated"}
(1 row)

INSERT 0 1
INSERT 0 1
INSERT 0 1
INSERT 0 1
INSERT 0 1
INSERT 0 1
INSERT 0 1
INSERT 0 1
INSERT 0 1
 assert_true
-------------

(1 row)

 denied
--------

(1 row)

 denied
--------

(1 row)

 denied
--------

(1 row)

 denied
--------

(1 row)

 denied
--------

(1 row)

          admin_content_save
--------------------------------------
 addd7bab-7e91-487c-af0c-4d5ddf8934a9
(1 row)

 assert_true
-------------

(1 row)

RESET
INSERT 0 1
SET
              set_config
--------------------------------------
 98000000-0000-4000-8000-000000000002
(1 row)

                                     set_config
------------------------------------------------------------------------------------
 {"sub":"98000000-0000-4000-8000-000000000002","aal":"aal1","role":"authenticated"}
(1 row)

 assert_true
-------------

(1 row)

 assert_true
-------------

(1 row)

 assert_true
-------------

(1 row)

 assert_true
-------------

(1 row)

 assert_true
-------------

(1 row)

 assert_true
-------------

(1 row)

 denied
--------

(1 row)

 denied
--------

(1 row)

 denied
--------

(1 row)

              set_config
--------------------------------------
 98000000-0000-4000-8000-000000000003
(1 row)

                                     set_config
------------------------------------------------------------------------------------
 {"sub":"98000000-0000-4000-8000-000000000003","aal":"aal2","role":"authenticated"}
(1 row)

 assert_true
-------------

(1 row)

 denied
--------

(1 row)

 denied
--------

(1 row)

              set_config
--------------------------------------
 98000000-0000-4000-8000-000000000004
(1 row)

                                     set_config
------------------------------------------------------------------------------------
 {"sub":"98000000-0000-4000-8000-000000000004","aal":"aal2","role":"authenticated"}
(1 row)

 denied
--------

(1 row)

              set_config
--------------------------------------
 98000000-0000-4000-8000-000000000001
(1 row)

                                     set_config
------------------------------------------------------------------------------------
 {"sub":"98000000-0000-4000-8000-000000000001","aal":"aal2","role":"authenticated"}
(1 row)

 admin_content_transition
--------------------------

(1 row)

 admin_content_transition
--------------------------

(1 row)

 admin_content_transition
--------------------------

(1 row)

 admin_content_transition
--------------------------

(1 row)

 admin_content_transition
--------------------------

(1 row)

 denied
--------

(1 row)

 denied
--------

(1 row)

              set_config
--------------------------------------
 98000000-0000-4000-8000-000000000002
(1 row)

                                     set_config
------------------------------------------------------------------------------------
 {"sub":"98000000-0000-4000-8000-000000000002","aal":"aal1","role":"authenticated"}
(1 row)

 assert_true
-------------

(1 row)

 assert_true
-------------

(1 row)

 assert_true
-------------

(1 row)

              set_config
--------------------------------------
 98000000-0000-4000-8000-000000000001
(1 row)

                                     set_config
------------------------------------------------------------------------------------
 {"sub":"98000000-0000-4000-8000-000000000001","aal":"aal2","role":"authenticated"}
(1 row)

 admin_content_transition
--------------------------

(1 row)

 denied
--------

(1 row)

 admin_content_reorder
-----------------------

(1 row)

 admin_content_reorder
-----------------------

(1 row)

 admin_content_reorder
-----------------------

(1 row)

 assert_true
-------------

(1 row)

 assert_true
-------------

(1 row)

 assert_true
-------------

(1 row)

 denied
--------

(1 row)

 denied
--------

(1 row)

 assert_true
-------------

(1 row)

              set_config
--------------------------------------
 98000000-0000-4000-8000-000000000002
(1 row)

                                     set_config
------------------------------------------------------------------------------------
 {"sub":"98000000-0000-4000-8000-000000000002","aal":"aal1","role":"authenticated"}
(1 row)

 assert_true
-------------

(1 row)

 assert_true
-------------

(1 row)

 assert_true
-------------

(1 row)

 assert_true
-------------

(1 row)

 assert_true
-------------

(1 row)

 assert_true
-------------

(1 row)

 assert_true
-------------

(1 row)

 assert_true
-------------

(1 row)

                                                                                                                           record_lesson_progress
----------------------------------------------------------------------------------------------------------------------------------------------------------------------------------------------------------------------------------------------------------------------------
 (ba918e4f-a7dc-4abf-b1f7-4d3beccf6d7c,50f5be04-2aea-4490-a54a-241e17627d44,c43087d4-66d9-41bb-9b5a-b9343854ad7c,IN_PROGRESS,25.00,"2026-10-02 04:57:08.548082+00",,"2026-10-02 04:57:08.548082+00",98000000-0000-4000-8000-000000000002,0,"2026-10-02 04:57:08.548082+00")
(1 row)

                                                                                                             start_practice_attempt
------------------------------------------------------------------------------------------------------------------------------------------------------------------------------------------------------------------------------------------------
 (49184bf3-d906-47d8-ac28-28cb6df721f5,98000000-0000-4000-8000-000000000002,3425b235-3365-4c7f-b76d-79359685576b,IN_PROGRESS,"2026-10-02 04:57:08.548082+00",,"{""evaluation_mode"": ""MANUAL_PENDING""}",80543031-b2ad-42e6-b544-7c02cb886cea)
(1 row)

              set_config
--------------------------------------
 98000000-0000-4000-8000-000000000001
(1 row)

                                     set_config
------------------------------------------------------------------------------------
 {"sub":"98000000-0000-4000-8000-000000000001","aal":"aal2","role":"authenticated"}
(1 row)

 admin_content_transition
--------------------------

(1 row)

 assert_true
-------------

(1 row)

 assert_true
-------------

(1 row)

 assert_true
-------------

(1 row)

              set_config
--------------------------------------
 98000000-0000-4000-8000-000000000002
(1 row)

                                     set_config
------------------------------------------------------------------------------------
 {"sub":"98000000-0000-4000-8000-000000000002","aal":"aal1","role":"authenticated"}
(1 row)

 assert_true
-------------

(1 row)

 denied
--------

(1 row)

RESET
CREATE FUNCTION
CREATE TRIGGER
SET
              set_config
--------------------------------------
 98000000-0000-4000-8000-000000000001
(1 row)

                                     set_config
------------------------------------------------------------------------------------
 {"sub":"98000000-0000-4000-8000-000000000001","aal":"aal2","role":"authenticated"}
(1 row)

 denied
--------

(1 row)

 assert_true
-------------

(1 row)

RESET
DROP TRIGGER
SET
              set_config
--------------------------------------
 98000000-0000-4000-8000-000000000001
(1 row)

                                     set_config
------------------------------------------------------------------------------------
 {"sub":"98000000-0000-4000-8000-000000000001","aal":"aal2","role":"authenticated"}
(1 row)

INSERT 0 1
 denied
--------

(1 row)

 assert_true
-------------

(1 row)

INSERT 0 1
 denied
--------

(1 row)

INSERT 0 1
 denied
--------

(1 row)

INSERT 0 1
 admin_content_transition
--------------------------

(1 row)

 assert_true
-------------

(1 row)

              set_config
--------------------------------------
 98000000-0000-4000-8000-000000000001
(1 row)

                                     set_config
------------------------------------------------------------------------------------
 {"sub":"98000000-0000-4000-8000-000000000001","aal":"aal1","role":"authenticated"}
(1 row)

 denied
--------

(1 row)

 denied
--------

(1 row)

RESET
 assert_true
-------------

(1 row)

 assert_true
-------------

(1 row)

ROLLBACK

▶ psql supabase/tests/assessment_engine.sql
BEGIN
INSERT 0 2
INSERT 0 2
INSERT 0 1
INSERT 0 4
INSERT 0 5
UPDATE 3
SET
              set_config
--------------------------------------
 86000000-0000-4000-8000-000000000001
(1 row)

                         set_config
-------------------------------------------------------------
 {"sub":"86000000-0000-4000-8000-000000000001","aal":"aal1"}
(1 row)

DO
DO
DO
              set_config
--------------------------------------
 86000000-0000-4000-8000-000000000002
(1 row)

                         set_config
-------------------------------------------------------------
 {"sub":"86000000-0000-4000-8000-000000000002","aal":"aal1"}
(1 row)

DO
RESET
DO
ROLLBACK

✓ rls SQL suite passed (5 file(s)).
