
> yasenglishlab@0.1.0 test:integration:db
> node scripts/run-sql-tests.mjs integration


▶ psql supabase/tests/domain_invariants.sql
INSERT 0 3
INSERT 0 0
INSERT 0 1
INSERT 0 2
INSERT 0 1
INSERT 0 1
DO
INSERT 0 1
DO
INSERT 0 1
INSERT 0 1
INSERT 0 1
UPDATE 1
DO

▶ psql supabase/tests/vertical_slice_persistence.sql
INSERT 0 2
INSERT 0 2
INSERT 0 2
SET
              set_config              
--------------------------------------
 83000000-0000-0000-0000-000000000001
(1 row)

                         set_config                          
-------------------------------------------------------------
 {"sub":"83000000-0000-0000-0000-000000000001","aal":"aal1"}
(1 row)

DO
DO
              set_config              
--------------------------------------
 83000000-0000-0000-0000-000000000002
(1 row)

                         set_config                          
-------------------------------------------------------------
 {"sub":"83000000-0000-0000-0000-000000000002","aal":"aal1"}
(1 row)

DO
RESET
DO

▶ psql supabase/tests/practice_persistence.sql
INSERT 0 2
INSERT 0 2
SET
              set_config              
--------------------------------------
 84000000-0000-0000-0000-000000000001
(1 row)

                         set_config                          
-------------------------------------------------------------
 {"sub":"84000000-0000-0000-0000-000000000001","aal":"aal1"}
(1 row)

DO
              set_config              
--------------------------------------
 84000000-0000-0000-0000-000000000002
(1 row)

                         set_config                          
-------------------------------------------------------------
 {"sub":"84000000-0000-0000-0000-000000000002","aal":"aal1"}
(1 row)

DO
RESET
DO

▶ psql supabase/tests/schedule_booking.sql
INSERT 0 4
INSERT 0 4
INSERT 0 1
INSERT 0 3
INSERT 0 3
DELETE 0
SET
              set_config              
--------------------------------------
 85000000-0000-0000-0000-000000000001
(1 row)

                         set_config                          
-------------------------------------------------------------
 {"sub":"85000000-0000-0000-0000-000000000001","aal":"aal1"}
(1 row)

DO
              set_config              
--------------------------------------
 85000000-0000-0000-0000-000000000003
(1 row)

                         set_config                          
-------------------------------------------------------------
 {"sub":"85000000-0000-0000-0000-000000000003","aal":"aal1"}
(1 row)

DO
              set_config              
--------------------------------------
 85000000-0000-0000-0000-000000000001
(1 row)

                         set_config                          
-------------------------------------------------------------
 {"sub":"85000000-0000-0000-0000-000000000001","aal":"aal1"}
(1 row)

DO
              set_config              
--------------------------------------
 85000000-0000-0000-0000-000000000002
(1 row)

                         set_config                          
-------------------------------------------------------------
 {"sub":"85000000-0000-0000-0000-000000000002","aal":"aal1"}
(1 row)

DO
RESET
DO

▶ psql supabase/tests/booking_quota.sql
BEGIN
CREATE FUNCTION
INSERT 0 3
INSERT 0 3
INSERT 0 1
INSERT 0 2
INSERT 0 6
SET
              set_config              
--------------------------------------
 9b000000-0000-0000-0000-000000000001
(1 row)

                         set_config                          
-------------------------------------------------------------
 {"sub":"9b000000-0000-0000-0000-000000000001","aal":"aal1"}
(1 row)

          book_live_session           
--------------------------------------
 dd1be4a5-3dc1-4cea-b8ca-6b82aab9a87d
(1 row)

 assert_true 
-------------
 
(1 row)

          book_live_session           
--------------------------------------
 121e7699-89ab-489e-b94b-8b50b254830d
(1 row)

          book_live_session           
--------------------------------------
 a5a8fdba-d0a3-45d1-be64-baa20c966666
(1 row)

 assert_true 
-------------
 
(1 row)

          book_live_session           
--------------------------------------
 03c77cd6-07ad-420f-8114-cc7b00a84d43
(1 row)

 assert_true 
-------------
 
(1 row)

         cancel_live_booking          
--------------------------------------
 dd1be4a5-3dc1-4cea-b8ca-6b82aab9a87d
(1 row)

         cancel_live_booking          
--------------------------------------
 dd1be4a5-3dc1-4cea-b8ca-6b82aab9a87d
(1 row)

          book_live_session           
--------------------------------------
 46c99c80-f02d-4c16-ba54-9348f9a08c9e
(1 row)

 assert_true 
-------------
 
(1 row)

         cancel_live_booking          
--------------------------------------
 46c99c80-f02d-4c16-ba54-9348f9a08c9e
(1 row)

          book_live_session           
--------------------------------------
 dd1be4a5-3dc1-4cea-b8ca-6b82aab9a87d
(1 row)

 assert_true 
-------------
 
(1 row)

RESET
 assert_true 
-------------
 
(1 row)

 assert_true 
-------------
 
(1 row)

              set_config              
--------------------------------------
 9b000000-0000-0000-0000-000000000003
(1 row)

                         set_config                          
-------------------------------------------------------------
 {"sub":"9b000000-0000-0000-0000-000000000003","aal":"aal2"}
(1 row)

SET
                            mark_teacher_attendance                            
-------------------------------------------------------------------------------
 (5c95372d-9aa9-4e77-88fb-15a5385d6fb4,NO_SHOW,"2026-10-02 05:07:03.05401+00")
(1 row)

RESET
 assert_true 
-------------
 
(1 row)

SET
 cancel_teacher_live_session 
-----------------------------
 
(1 row)

RESET
 assert_true 
-------------
 
(1 row)

              set_config              
--------------------------------------
 9b000000-0000-0000-0000-000000000001
(1 row)

                         set_config                          
-------------------------------------------------------------
 {"sub":"9b000000-0000-0000-0000-000000000001","aal":"aal1"}
(1 row)

SET
          book_live_session           
--------------------------------------
 46c99c80-f02d-4c16-ba54-9348f9a08c9e
(1 row)

RESET
 assert_true 
-------------
 
(1 row)

 assert_true 
-------------
 
(1 row)

 assert_true 
-------------
 
(1 row)

 assert_true 
-------------
 
(1 row)

 assert_true 
-------------
 
(1 row)

 assert_true 
-------------
 
(1 row)

ROLLBACK

▶ psql supabase/tests/cohorts.sql
BEGIN
CREATE FUNCTION
INSERT 0 5
INSERT 0 5
INSERT 0 2
INSERT 0 2
INSERT 0 1
INSERT 0 2
INSERT 0 2
INSERT 0 2
INSERT 0 3
SET
              set_config              
--------------------------------------
 9c000000-0000-0000-0000-000000000001
(1 row)

                         set_config                          
-------------------------------------------------------------
 {"sub":"9c000000-0000-0000-0000-000000000001","aal":"aal1"}
(1 row)

 check_cohort 
--------------
 
(1 row)

 check_cohort 
--------------
 
(1 row)

 check_cohort 
--------------
 
(1 row)

 check_cohort 
--------------
 
(1 row)

          book_live_session           
--------------------------------------
 dc0e585a-714a-42a7-8fd9-950a3ac336b4
(1 row)

DO
              set_config              
--------------------------------------
 9c000000-0000-0000-0000-000000000002
(1 row)

                         set_config                          
-------------------------------------------------------------
 {"sub":"9c000000-0000-0000-0000-000000000002","aal":"aal1"}
(1 row)

DO
              set_config              
--------------------------------------
 9c000000-0000-0000-0000-000000000003
(1 row)

                         set_config                          
-------------------------------------------------------------
 {"sub":"9c000000-0000-0000-0000-000000000003","aal":"aal1"}
(1 row)

 check_cohort 
--------------
 
(1 row)

 check_cohort 
--------------
 
(1 row)

                         set_config                          
-------------------------------------------------------------
 {"sub":"9c000000-0000-0000-0000-000000000003","aal":"aal2"}
(1 row)

 check_cohort 
--------------
 
(1 row)

 check_cohort 
--------------
 
(1 row)

 check_cohort 
--------------
 
(1 row)

 check_cohort 
--------------
 
(1 row)

DO
              set_config              
--------------------------------------
 9c000000-0000-0000-0000-000000000005
(1 row)

                         set_config                          
-------------------------------------------------------------
 {"sub":"9c000000-0000-0000-0000-000000000005","aal":"aal1"}
(1 row)

DO
                         set_config                          
-------------------------------------------------------------
 {"sub":"9c000000-0000-0000-0000-000000000005","aal":"aal2"}
(1 row)

            manage_cohort             
--------------------------------------
 9c200000-0000-0000-0000-000000000001
(1 row)

              set_config              
--------------------------------------
 9c000000-0000-0000-0000-000000000001
(1 row)

                         set_config                          
-------------------------------------------------------------
 {"sub":"9c000000-0000-0000-0000-000000000001","aal":"aal1"}
(1 row)

 check_cohort 
--------------
 
(1 row)

         cancel_live_booking          
--------------------------------------
 dc0e585a-714a-42a7-8fd9-950a3ac336b4
(1 row)

DO
              set_config              
--------------------------------------
 9c000000-0000-0000-0000-000000000003
(1 row)

                         set_config                          
-------------------------------------------------------------
 {"sub":"9c000000-0000-0000-0000-000000000003","aal":"aal2"}
(1 row)

 check_cohort 
--------------
 
(1 row)

RESET
INSERT 0 1
SET
 check_cohort 
--------------
 
(1 row)

RESET
 check_cohort 
--------------
 
(1 row)

 check_cohort 
--------------
 
(1 row)

 check_cohort 
--------------
 
(1 row)

 check_cohort 
--------------
 
(1 row)

              set_config              
--------------------------------------
 9c000000-0000-0000-0000-000000000005
(1 row)

                         set_config                          
-------------------------------------------------------------
 {"sub":"9c000000-0000-0000-0000-000000000005","aal":"aal2"}
(1 row)

SET
            manage_cohort             
--------------------------------------
 9bda61d9-ceb0-4f09-ade3-4339b8e1237a
(1 row)

            manage_cohort             
--------------------------------------
 9bda61d9-ceb0-4f09-ade3-4339b8e1237a
(1 row)

            manage_cohort             
--------------------------------------
 9bda61d9-ceb0-4f09-ade3-4339b8e1237a
(1 row)

            manage_cohort             
--------------------------------------
 9bda61d9-ceb0-4f09-ade3-4339b8e1237a
(1 row)

 check_cohort 
--------------
 
(1 row)

            manage_cohort             
--------------------------------------
 9bda61d9-ceb0-4f09-ade3-4339b8e1237a
(1 row)

            manage_cohort             
--------------------------------------
 9bda61d9-ceb0-4f09-ade3-4339b8e1237a
(1 row)

 check_cohort 
--------------
 
(1 row)

            manage_cohort             
--------------------------------------
 9bda61d9-ceb0-4f09-ade3-4339b8e1237a
(1 row)

            manage_cohort             
--------------------------------------
 9bda61d9-ceb0-4f09-ade3-4339b8e1237a
(1 row)

RESET
 check_cohort 
--------------
 
(1 row)

ROLLBACK

▶ psql supabase/tests/teacher_operations.sql
DELETE 0
DELETE 0
DELETE 0
DELETE 0
DELETE 0
DELETE 0
INSERT 0 6
INSERT 0 6
INSERT 0 2
INSERT 0 1
INSERT 0 2
INSERT 0 3
DO
SET
              set_config              
--------------------------------------
 89000000-0000-0000-0000-000000000003
(1 row)

                         set_config                          
-------------------------------------------------------------
 {"sub":"89000000-0000-0000-0000-000000000003","aal":"aal1"}
(1 row)

DO
              set_config              
--------------------------------------
 89000000-0000-0000-0000-000000000005
(1 row)

                         set_config                          
-------------------------------------------------------------
 {"sub":"89000000-0000-0000-0000-000000000005","aal":"aal2"}
(1 row)

DO
              set_config              
--------------------------------------
 89000000-0000-0000-0000-000000000006
(1 row)

                         set_config                          
-------------------------------------------------------------
 {"sub":"89000000-0000-0000-0000-000000000006","aal":"aal2"}
(1 row)

DO
              set_config              
--------------------------------------
 89000000-0000-0000-0000-000000000001
(1 row)

                         set_config                          
-------------------------------------------------------------
 {"sub":"89000000-0000-0000-0000-000000000001","aal":"aal1"}
(1 row)

DO
                         set_config                          
-------------------------------------------------------------
 {"sub":"89000000-0000-0000-0000-000000000001","aal":"aal2"}
(1 row)

DO
DO
              set_config              
--------------------------------------
 89000000-0000-0000-0000-000000000002
(1 row)

                         set_config                          
-------------------------------------------------------------
 {"sub":"89000000-0000-0000-0000-000000000002","aal":"aal2"}
(1 row)

DO
RESET
INSERT 0 1
SET
              set_config              
--------------------------------------
 89000000-0000-0000-0000-000000000001
(1 row)

                         set_config                          
-------------------------------------------------------------
 {"sub":"89000000-0000-0000-0000-000000000001","aal":"aal2"}
(1 row)

DO
RESET
DO

▶ psql supabase/tests/admin_content.sql
BEGIN
INSERT 0 4
INSERT 0 4
CREATE TABLE
GRANT
CREATE FUNCTION
CREATE FUNCTION
SET
              set_config              
--------------------------------------
 98000000-0000-4000-8000-000000000001
(1 row)

                                     set_config                                     
------------------------------------------------------------------------------------
 {"sub":"98000000-0000-4000-8000-000000000001","aal":"aal1","role":"authenticated"}
(1 row)

 denied 
--------
 
(1 row)

 denied 
--------
 
(1 row)

              set_config              
--------------------------------------
 98000000-0000-4000-8000-000000000001
(1 row)

                                     set_config                                     
------------------------------------------------------------------------------------
 {"sub":"98000000-0000-4000-8000-000000000001","aal":"aal2","role":"authenticated"}
(1 row)

INSERT 0 1
INSERT 0 1
INSERT 0 1
INSERT 0 1
INSERT 0 1
INSERT 0 1
INSERT 0 1
INSERT 0 1
INSERT 0 1
 assert_true 
-------------
 
(1 row)

 denied 
--------
 
(1 row)

 denied 
--------
 
(1 row)

 denied 
--------
 
(1 row)

 denied 
--------
 
(1 row)

 denied 
--------
 
(1 row)

          admin_content_save          
--------------------------------------
 f23679ad-7044-4276-b796-b0b1775aa78e
(1 row)

 assert_true 
-------------
 
(1 row)

RESET
INSERT 0 1
SET
              set_config              
--------------------------------------
 98000000-0000-4000-8000-000000000002
(1 row)

                                     set_config                                     
------------------------------------------------------------------------------------
 {"sub":"98000000-0000-4000-8000-000000000002","aal":"aal1","role":"authenticated"}
(1 row)

 assert_true 
-------------
 
(1 row)

 assert_true 
-------------
 
(1 row)

 assert_true 
-------------
 
(1 row)

 assert_true 
-------------
 
(1 row)

 assert_true 
-------------
 
(1 row)

 assert_true 
-------------
 
(1 row)

 denied 
--------
 
(1 row)

 denied 
--------
 
(1 row)

 denied 
--------
 
(1 row)

              set_config              
--------------------------------------
 98000000-0000-4000-8000-000000000003
(1 row)

                                     set_config                                     
------------------------------------------------------------------------------------
 {"sub":"98000000-0000-4000-8000-000000000003","aal":"aal2","role":"authenticated"}
(1 row)

 assert_true 
-------------
 
(1 row)

 denied 
--------
 
(1 row)

 denied 
--------
 
(1 row)

              set_config              
--------------------------------------
 98000000-0000-4000-8000-000000000004
(1 row)

                                     set_config                                     
------------------------------------------------------------------------------------
 {"sub":"98000000-0000-4000-8000-000000000004","aal":"aal2","role":"authenticated"}
(1 row)

 denied 
--------
 
(1 row)

              set_config              
--------------------------------------
 98000000-0000-4000-8000-000000000001
(1 row)

                                     set_config                                     
------------------------------------------------------------------------------------
 {"sub":"98000000-0000-4000-8000-000000000001","aal":"aal2","role":"authenticated"}
(1 row)

 admin_content_transition 
--------------------------
 
(1 row)

 admin_content_transition 
--------------------------
 
(1 row)

 admin_content_transition 
--------------------------
 
(1 row)

 admin_content_transition 
--------------------------
 
(1 row)

 admin_content_transition 
--------------------------
 
(1 row)

 denied 
--------
 
(1 row)

 denied 
--------
 
(1 row)

              set_config              
--------------------------------------
 98000000-0000-4000-8000-000000000002
(1 row)

                                     set_config                                     
------------------------------------------------------------------------------------
 {"sub":"98000000-0000-4000-8000-000000000002","aal":"aal1","role":"authenticated"}
(1 row)

 assert_true 
-------------
 
(1 row)

 assert_true 
-------------
 
(1 row)

 assert_true 
-------------
 
(1 row)

              set_config              
--------------------------------------
 98000000-0000-4000-8000-000000000001
(1 row)

                                     set_config                                     
------------------------------------------------------------------------------------
 {"sub":"98000000-0000-4000-8000-000000000001","aal":"aal2","role":"authenticated"}
(1 row)

 admin_content_transition 
--------------------------
 
(1 row)

 denied 
--------
 
(1 row)

 admin_content_reorder 
-----------------------
 
(1 row)

 admin_content_reorder 
-----------------------
 
(1 row)

 admin_content_reorder 
-----------------------
 
(1 row)

 assert_true 
-------------
 
(1 row)

 assert_true 
-------------
 
(1 row)

 assert_true 
-------------
 
(1 row)

 denied 
--------
 
(1 row)

 denied 
--------
 
(1 row)

 assert_true 
-------------
 
(1 row)

              set_config              
--------------------------------------
 98000000-0000-4000-8000-000000000002
(1 row)

                                     set_config                                     
------------------------------------------------------------------------------------
 {"sub":"98000000-0000-4000-8000-000000000002","aal":"aal1","role":"authenticated"}
(1 row)

 assert_true 
-------------
 
(1 row)

 assert_true 
-------------
 
(1 row)

 assert_true 
-------------
 
(1 row)

 assert_true 
-------------
 
(1 row)

 assert_true 
-------------
 
(1 row)

 assert_true 
-------------
 
(1 row)

 assert_true 
-------------
 
(1 row)

 assert_true 
-------------
 
(1 row)

                                                                                                                           record_lesson_progress                                                                                                                           
----------------------------------------------------------------------------------------------------------------------------------------------------------------------------------------------------------------------------------------------------------------------------
 (b4d3a912-1fa4-415f-886b-5d96fd7c546e,a5e1ed7f-c3d4-4692-9354-ca0b9318a2a7,fc6033c6-a467-40e4-bb53-987f2ae82172,IN_PROGRESS,25.00,"2026-10-02 05:07:04.870789+00",,"2026-10-02 05:07:04.870789+00",98000000-0000-4000-8000-000000000002,0,"2026-10-02 05:07:04.870789+00")
(1 row)

                                                                                                             start_practice_attempt                                                                                                             
------------------------------------------------------------------------------------------------------------------------------------------------------------------------------------------------------------------------------------------------
 (e4455dda-6ba2-41c6-bf46-df434a9f3a72,98000000-0000-4000-8000-000000000002,813dfcee-98c2-4fd4-bba4-9752599a0060,IN_PROGRESS,"2026-10-02 05:07:04.870789+00",,"{""evaluation_mode"": ""MANUAL_PENDING""}",b1df3132-e0c3-471a-8efb-609cd41dab30)
(1 row)

              set_config              
--------------------------------------
 98000000-0000-4000-8000-000000000001
(1 row)

                                     set_config                                     
------------------------------------------------------------------------------------
 {"sub":"98000000-0000-4000-8000-000000000001","aal":"aal2","role":"authenticated"}
(1 row)

 admin_content_transition 
--------------------------
 
(1 row)

 assert_true 
-------------
 
(1 row)

 assert_true 
-------------
 
(1 row)

 assert_true 
-------------
 
(1 row)

              set_config              
--------------------------------------
 98000000-0000-4000-8000-000000000002
(1 row)

                                     set_config                                     
------------------------------------------------------------------------------------
 {"sub":"98000000-0000-4000-8000-000000000002","aal":"aal1","role":"authenticated"}
(1 row)

 assert_true 
-------------
 
(1 row)

 denied 
--------
 
(1 row)

RESET
CREATE FUNCTION
CREATE TRIGGER
SET
              set_config              
--------------------------------------
 98000000-0000-4000-8000-000000000001
(1 row)

                                     set_config                                     
------------------------------------------------------------------------------------
 {"sub":"98000000-0000-4000-8000-000000000001","aal":"aal2","role":"authenticated"}
(1 row)

 denied 
--------
 
(1 row)

 assert_true 
-------------
 
(1 row)

RESET
DROP TRIGGER
SET
              set_config              
--------------------------------------
 98000000-0000-4000-8000-000000000001
(1 row)

                                     set_config                                     
------------------------------------------------------------------------------------
 {"sub":"98000000-0000-4000-8000-000000000001","aal":"aal2","role":"authenticated"}
(1 row)

INSERT 0 1
 denied 
--------
 
(1 row)

 assert_true 
-------------
 
(1 row)

INSERT 0 1
 denied 
--------
 
(1 row)

INSERT 0 1
 denied 
--------
 
(1 row)

INSERT 0 1
 admin_content_transition 
--------------------------
 
(1 row)

 assert_true 
-------------
 
(1 row)

              set_config              
--------------------------------------
 98000000-0000-4000-8000-000000000001
(1 row)

                                     set_config                                     
------------------------------------------------------------------------------------
 {"sub":"98000000-0000-4000-8000-000000000001","aal":"aal1","role":"authenticated"}
(1 row)

 denied 
--------
 
(1 row)

 denied 
--------
 
(1 row)

RESET
 assert_true 
-------------
 
(1 row)

 assert_true 
-------------
 
(1 row)

ROLLBACK

▶ psql supabase/tests/assessment_engine.sql
BEGIN
INSERT 0 2
INSERT 0 2
INSERT 0 1
INSERT 0 4
INSERT 0 5
UPDATE 3
SET
              set_config              
--------------------------------------
 86000000-0000-4000-8000-000000000001
(1 row)

                         set_config                          
-------------------------------------------------------------
 {"sub":"86000000-0000-4000-8000-000000000001","aal":"aal1"}
(1 row)

DO
DO
DO
              set_config              
--------------------------------------
 86000000-0000-4000-8000-000000000002
(1 row)

                         set_config                          
-------------------------------------------------------------
 {"sub":"86000000-0000-4000-8000-000000000002","aal":"aal1"}
(1 row)

DO
RESET
DO
ROLLBACK

▶ real Agenda concurrency
✓ Agenda real concurrency passed: two concurrent users, exactly one BOOKED.
✓ Quota real concurrency passed: one Student, two distinct sessions, limit=1, exactly one BOOKED.
✓ Real retry/cancellation concurrency passed: stable UUID and at most one consumed unit.

✓ integration SQL suite passed (9 file(s)).

> yasenglishlab@0.1.0 test:rls
> node scripts/run-sql-tests.mjs rls


▶ psql supabase/tests/cohorts.sql
BEGIN
CREATE FUNCTION
INSERT 0 5
INSERT 0 5
INSERT 0 2
INSERT 0 2
INSERT 0 1
INSERT 0 2
INSERT 0 2
INSERT 0 2
INSERT 0 3
SET
              set_config              
--------------------------------------
 9c000000-0000-0000-0000-000000000001
(1 row)

                         set_config                          
-------------------------------------------------------------
 {"sub":"9c000000-0000-0000-0000-000000000001","aal":"aal1"}
(1 row)

 check_cohort 
--------------
 
(1 row)

 check_cohort 
--------------
 
(1 row)

 check_cohort 
--------------
 
(1 row)

 check_cohort 
--------------
 
(1 row)

          book_live_session           
--------------------------------------
 ec4df529-eee8-4d9d-9777-2576d80f8d4e
(1 row)

DO
              set_config              
--------------------------------------
 9c000000-0000-0000-0000-000000000002
(1 row)

                         set_config                          
-------------------------------------------------------------
 {"sub":"9c000000-0000-0000-0000-000000000002","aal":"aal1"}
(1 row)

DO
              set_config              
--------------------------------------
 9c000000-0000-0000-0000-000000000003
(1 row)

                         set_config                          
-------------------------------------------------------------
 {"sub":"9c000000-0000-0000-0000-000000000003","aal":"aal1"}
(1 row)

 check_cohort 
--------------
 
(1 row)

 check_cohort 
--------------
 
(1 row)

                         set_config                          
-------------------------------------------------------------
 {"sub":"9c000000-0000-0000-0000-000000000003","aal":"aal2"}
(1 row)

 check_cohort 
--------------
 
(1 row)

 check_cohort 
--------------
 
(1 row)

 check_cohort 
--------------
 
(1 row)

 check_cohort 
--------------
 
(1 row)

DO
              set_config              
--------------------------------------
 9c000000-0000-0000-0000-000000000005
(1 row)

                         set_config                          
-------------------------------------------------------------
 {"sub":"9c000000-0000-0000-0000-000000000005","aal":"aal1"}
(1 row)

DO
                         set_config                          
-------------------------------------------------------------
 {"sub":"9c000000-0000-0000-0000-000000000005","aal":"aal2"}
(1 row)

            manage_cohort             
--------------------------------------
 9c200000-0000-0000-0000-000000000001
(1 row)

              set_config              
--------------------------------------
 9c000000-0000-0000-0000-000000000001
(1 row)

                         set_config                          
-------------------------------------------------------------
 {"sub":"9c000000-0000-0000-0000-000000000001","aal":"aal1"}
(1 row)

 check_cohort 
--------------
 
(1 row)

         cancel_live_booking          
--------------------------------------
 ec4df529-eee8-4d9d-9777-2576d80f8d4e
(1 row)

DO
              set_config              
--------------------------------------
 9c000000-0000-0000-0000-000000000003
(1 row)

                         set_config                          
-------------------------------------------------------------
 {"sub":"9c000000-0000-0000-0000-000000000003","aal":"aal2"}
(1 row)

 check_cohort 
--------------
 
(1 row)

RESET
INSERT 0 1
SET
 check_cohort 
--------------
 
(1 row)

RESET
 check_cohort 
--------------
 
(1 row)

 check_cohort 
--------------
 
(1 row)

 check_cohort 
--------------
 
(1 row)

 check_cohort 
--------------
 
(1 row)

              set_config              
--------------------------------------
 9c000000-0000-0000-0000-000000000005
(1 row)

                         set_config                          
-------------------------------------------------------------
 {"sub":"9c000000-0000-0000-0000-000000000005","aal":"aal2"}
(1 row)

SET
            manage_cohort             
--------------------------------------
 ae242de4-52b1-43c9-bc96-fc59b7c51ee3
(1 row)

            manage_cohort             
--------------------------------------
 ae242de4-52b1-43c9-bc96-fc59b7c51ee3
(1 row)

            manage_cohort             
--------------------------------------
 ae242de4-52b1-43c9-bc96-fc59b7c51ee3
(1 row)

            manage_cohort             
--------------------------------------
 ae242de4-52b1-43c9-bc96-fc59b7c51ee3
(1 row)

 check_cohort 
--------------
 
(1 row)

            manage_cohort             
--------------------------------------
 ae242de4-52b1-43c9-bc96-fc59b7c51ee3
(1 row)

            manage_cohort             
--------------------------------------
 ae242de4-52b1-43c9-bc96-fc59b7c51ee3
(1 row)

 check_cohort 
--------------
 
(1 row)

            manage_cohort             
--------------------------------------
 ae242de4-52b1-43c9-bc96-fc59b7c51ee3
(1 row)

            manage_cohort             
--------------------------------------
 ae242de4-52b1-43c9-bc96-fc59b7c51ee3
(1 row)

RESET
 check_cohort 
--------------
 
(1 row)

ROLLBACK

▶ psql supabase/tests/rls_permissions.sql
INSERT 0 6
INSERT 0 6
INSERT 0 2
INSERT 0 1
INSERT 0 1
INSERT 0 1
INSERT 0 1
INSERT 0 3
INSERT 0 2
INSERT 0 2
INSERT 0 1
INSERT 0 1
INSERT 0 1
INSERT 0 1
INSERT 0 1
SET
              set_config              
--------------------------------------
 81000000-0000-0000-0000-000000000001
(1 row)

                         set_config                          
-------------------------------------------------------------
 {"sub":"81000000-0000-0000-0000-000000000001","aal":"aal1"}
(1 row)

DO
DO
              set_config              
--------------------------------------
 81000000-0000-0000-0000-000000000002
(1 row)

                         set_config                          
-------------------------------------------------------------
 {"sub":"81000000-0000-0000-0000-000000000002","aal":"aal1"}
(1 row)

DO
              set_config              
--------------------------------------
 81000000-0000-0000-0000-000000000003
(1 row)

                         set_config                          
-------------------------------------------------------------
 {"sub":"81000000-0000-0000-0000-000000000003","aal":"aal1"}
(1 row)

DO
                         set_config                          
-------------------------------------------------------------
 {"sub":"81000000-0000-0000-0000-000000000003","aal":"aal2"}
(1 row)

DO
              set_config              
--------------------------------------
 81000000-0000-0000-0000-000000000004
(1 row)

                         set_config                          
-------------------------------------------------------------
 {"sub":"81000000-0000-0000-0000-000000000004","aal":"aal2"}
(1 row)

DO
              set_config              
--------------------------------------
 81000000-0000-0000-0000-000000000005
(1 row)

                         set_config                          
-------------------------------------------------------------
 {"sub":"81000000-0000-0000-0000-000000000005","aal":"aal2"}
(1 row)

DO
              set_config              
--------------------------------------
 81000000-0000-0000-0000-000000000006
(1 row)

                         set_config                          
-------------------------------------------------------------
 {"sub":"81000000-0000-0000-0000-000000000006","aal":"aal1"}
(1 row)

DO
                         set_config                          
-------------------------------------------------------------
 {"sub":"81000000-0000-0000-0000-000000000006","aal":"aal2"}
(1 row)

DO
RESET
DO
DO

▶ psql supabase/tests/teacher_operations.sql
DELETE 1
DELETE 1
DELETE 3
DELETE 2
DELETE 1
DELETE 2
INSERT 0 0
INSERT 0 0
INSERT 0 2
INSERT 0 1
INSERT 0 2
INSERT 0 3
DO
SET
              set_config              
--------------------------------------
 89000000-0000-0000-0000-000000000003
(1 row)

                         set_config                          
-------------------------------------------------------------
 {"sub":"89000000-0000-0000-0000-000000000003","aal":"aal1"}
(1 row)

DO
              set_config              
--------------------------------------
 89000000-0000-0000-0000-000000000005
(1 row)

                         set_config                          
-------------------------------------------------------------
 {"sub":"89000000-0000-0000-0000-000000000005","aal":"aal2"}
(1 row)

DO
              set_config              
--------------------------------------
 89000000-0000-0000-0000-000000000006
(1 row)

                         set_config                          
-------------------------------------------------------------
 {"sub":"89000000-0000-0000-0000-000000000006","aal":"aal2"}
(1 row)

DO
              set_config              
--------------------------------------
 89000000-0000-0000-0000-000000000001
(1 row)

                         set_config                          
-------------------------------------------------------------
 {"sub":"89000000-0000-0000-0000-000000000001","aal":"aal1"}
(1 row)

DO
                         set_config                          
-------------------------------------------------------------
 {"sub":"89000000-0000-0000-0000-000000000001","aal":"aal2"}
(1 row)

DO
DO
              set_config              
--------------------------------------
 89000000-0000-0000-0000-000000000002
(1 row)

                         set_config                          
-------------------------------------------------------------
 {"sub":"89000000-0000-0000-0000-000000000002","aal":"aal2"}
(1 row)

DO
RESET
INSERT 0 1
SET
              set_config              
--------------------------------------
 89000000-0000-0000-0000-000000000001
(1 row)

                         set_config                          
-------------------------------------------------------------
 {"sub":"89000000-0000-0000-0000-000000000001","aal":"aal2"}
(1 row)

DO
RESET
DO

▶ psql supabase/tests/admin_content.sql
BEGIN
INSERT 0 4
INSERT 0 4
CREATE TABLE
GRANT
CREATE FUNCTION
CREATE FUNCTION
SET
              set_config              
--------------------------------------
 98000000-0000-4000-8000-000000000001
(1 row)

                                     set_config                                     
------------------------------------------------------------------------------------
 {"sub":"98000000-0000-4000-8000-000000000001","aal":"aal1","role":"authenticated"}
(1 row)

 denied 
--------
 
(1 row)

 denied 
--------
 
(1 row)

              set_config              
--------------------------------------
 98000000-0000-4000-8000-000000000001
(1 row)

                                     set_config                                     
------------------------------------------------------------------------------------
 {"sub":"98000000-0000-4000-8000-000000000001","aal":"aal2","role":"authenticated"}
(1 row)

INSERT 0 1
INSERT 0 1
INSERT 0 1
INSERT 0 1
INSERT 0 1
INSERT 0 1
INSERT 0 1
INSERT 0 1
INSERT 0 1
 assert_true 
-------------
 
(1 row)

 denied 
--------
 
(1 row)

 denied 
--------
 
(1 row)

 denied 
--------
 
(1 row)

 denied 
--------
 
(1 row)

 denied 
--------
 
(1 row)

          admin_content_save          
--------------------------------------
 66e728eb-ea2a-46ae-9b32-80f153ec72bf
(1 row)

 assert_true 
-------------
 
(1 row)

RESET
INSERT 0 1
SET
              set_config              
--------------------------------------
 98000000-0000-4000-8000-000000000002
(1 row)

                                     set_config                                     
------------------------------------------------------------------------------------
 {"sub":"98000000-0000-4000-8000-000000000002","aal":"aal1","role":"authenticated"}
(1 row)

 assert_true 
-------------
 
(1 row)

 assert_true 
-------------
 
(1 row)

 assert_true 
-------------
 
(1 row)

 assert_true 
-------------
 
(1 row)

 assert_true 
-------------
 
(1 row)

 assert_true 
-------------
 
(1 row)

 denied 
--------
 
(1 row)

 denied 
--------
 
(1 row)

 denied 
--------
 
(1 row)

              set_config              
--------------------------------------
 98000000-0000-4000-8000-000000000003
(1 row)

                                     set_config                                     
------------------------------------------------------------------------------------
 {"sub":"98000000-0000-4000-8000-000000000003","aal":"aal2","role":"authenticated"}
(1 row)

 assert_true 
-------------
 
(1 row)

 denied 
--------
 
(1 row)

 denied 
--------
 
(1 row)

              set_config              
--------------------------------------
 98000000-0000-4000-8000-000000000004
(1 row)

                                     set_config                                     
------------------------------------------------------------------------------------
 {"sub":"98000000-0000-4000-8000-000000000004","aal":"aal2","role":"authenticated"}
(1 row)

 denied 
--------
 
(1 row)

              set_config              
--------------------------------------
 98000000-0000-4000-8000-000000000001
(1 row)

                                     set_config                                     
------------------------------------------------------------------------------------
 {"sub":"98000000-0000-4000-8000-000000000001","aal":"aal2","role":"authenticated"}
(1 row)

 admin_content_transition 
--------------------------
 
(1 row)

 admin_content_transition 
--------------------------
 
(1 row)

 admin_content_transition 
--------------------------
 
(1 row)

 admin_content_transition 
--------------------------
 
(1 row)

 admin_content_transition 
--------------------------
 
(1 row)

 denied 
--------
 
(1 row)

 denied 
--------
 
(1 row)

              set_config              
--------------------------------------
 98000000-0000-4000-8000-000000000002
(1 row)

                                     set_config                                     
------------------------------------------------------------------------------------
 {"sub":"98000000-0000-4000-8000-000000000002","aal":"aal1","role":"authenticated"}
(1 row)

 assert_true 
-------------
 
(1 row)

 assert_true 
-------------
 
(1 row)

 assert_true 
-------------
 
(1 row)

              set_config              
--------------------------------------
 98000000-0000-4000-8000-000000000001
(1 row)

                                     set_config                                     
------------------------------------------------------------------------------------
 {"sub":"98000000-0000-4000-8000-000000000001","aal":"aal2","role":"authenticated"}
(1 row)

 admin_content_transition 
--------------------------
 
(1 row)

 denied 
--------
 
(1 row)

 admin_content_reorder 
-----------------------
 
(1 row)

 admin_content_reorder 
-----------------------
 
(1 row)

 admin_content_reorder 
-----------------------
 
(1 row)

 assert_true 
-------------
 
(1 row)

 assert_true 
-------------
 
(1 row)

 assert_true 
-------------
 
(1 row)

 denied 
--------
 
(1 row)

 denied 
--------
 
(1 row)

 assert_true 
-------------
 
(1 row)

              set_config              
--------------------------------------
 98000000-0000-4000-8000-000000000002
(1 row)

                                     set_config                                     
------------------------------------------------------------------------------------
 {"sub":"98000000-0000-4000-8000-000000000002","aal":"aal1","role":"authenticated"}
(1 row)

 assert_true 
-------------
 
(1 row)

 assert_true 
-------------
 
(1 row)

 assert_true 
-------------
 
(1 row)

 assert_true 
-------------
 
(1 row)

 assert_true 
-------------
 
(1 row)

 assert_true 
-------------
 
(1 row)

 assert_true 
-------------
 
(1 row)

 assert_true 
-------------
 
(1 row)

                                                                                                                           record_lesson_progress                                                                                                                           
----------------------------------------------------------------------------------------------------------------------------------------------------------------------------------------------------------------------------------------------------------------------------
 (b767bfb5-24b7-42a0-8c71-9838da9c351b,3b7799a8-81a6-4bbb-a00b-d997da2f3259,cf7daf91-a86b-4783-b3bc-a3d34670b397,IN_PROGRESS,25.00,"2026-10-02 05:07:12.778129+00",,"2026-10-02 05:07:12.778129+00",98000000-0000-4000-8000-000000000002,0,"2026-10-02 05:07:12.778129+00")
(1 row)

                                                                                                             start_practice_attempt                                                                                                             
------------------------------------------------------------------------------------------------------------------------------------------------------------------------------------------------------------------------------------------------
 (0aff5823-9de9-414c-898d-3810936bb4ab,98000000-0000-4000-8000-000000000002,6cd1ae6f-26c9-48cc-ae67-6c4f216517fa,IN_PROGRESS,"2026-10-02 05:07:12.778129+00",,"{""evaluation_mode"": ""MANUAL_PENDING""}",b3ddcac0-6bb0-4b14-99cb-d49f3d2571d0)
(1 row)

              set_config              
--------------------------------------
 98000000-0000-4000-8000-000000000001
(1 row)

                                     set_config                                     
------------------------------------------------------------------------------------
 {"sub":"98000000-0000-4000-8000-000000000001","aal":"aal2","role":"authenticated"}
(1 row)

 admin_content_transition 
--------------------------
 
(1 row)

 assert_true 
-------------
 
(1 row)

 assert_true 
-------------
 
(1 row)

 assert_true 
-------------
 
(1 row)

              set_config              
--------------------------------------
 98000000-0000-4000-8000-000000000002
(1 row)

                                     set_config                                     
------------------------------------------------------------------------------------
 {"sub":"98000000-0000-4000-8000-000000000002","aal":"aal1","role":"authenticated"}
(1 row)

 assert_true 
-------------
 
(1 row)

 denied 
--------
 
(1 row)

RESET
CREATE FUNCTION
CREATE TRIGGER
SET
              set_config              
--------------------------------------
 98000000-0000-4000-8000-000000000001
(1 row)

                                     set_config                                     
------------------------------------------------------------------------------------
 {"sub":"98000000-0000-4000-8000-000000000001","aal":"aal2","role":"authenticated"}
(1 row)

 denied 
--------
 
(1 row)

 assert_true 
-------------
 
(1 row)

RESET
DROP TRIGGER
SET
              set_config              
--------------------------------------
 98000000-0000-4000-8000-000000000001
(1 row)

                                     set_config                                     
------------------------------------------------------------------------------------
 {"sub":"98000000-0000-4000-8000-000000000001","aal":"aal2","role":"authenticated"}
(1 row)

INSERT 0 1
 denied 
--------
 
(1 row)

 assert_true 
-------------
 
(1 row)

INSERT 0 1
 denied 
--------
 
(1 row)

INSERT 0 1
 denied 
--------
 
(1 row)

INSERT 0 1
 admin_content_transition 
--------------------------
 
(1 row)

 assert_true 
-------------
 
(1 row)

              set_config              
--------------------------------------
 98000000-0000-4000-8000-000000000001
(1 row)

                                     set_config                                     
------------------------------------------------------------------------------------
 {"sub":"98000000-0000-4000-8000-000000000001","aal":"aal1","role":"authenticated"}
(1 row)

 denied 
--------
 
(1 row)

 denied 
--------
 
(1 row)

RESET
 assert_true 
-------------
 
(1 row)

 assert_true 
-------------
 
(1 row)

ROLLBACK

▶ psql supabase/tests/assessment_engine.sql
BEGIN
INSERT 0 2
INSERT 0 2
INSERT 0 1
INSERT 0 4
INSERT 0 5
UPDATE 3
SET
              set_config              
--------------------------------------
 86000000-0000-4000-8000-000000000001
(1 row)

                         set_config                          
-------------------------------------------------------------
 {"sub":"86000000-0000-4000-8000-000000000001","aal":"aal1"}
(1 row)

DO
DO
DO
              set_config              
--------------------------------------
 86000000-0000-4000-8000-000000000002
(1 row)

                         set_config                          
-------------------------------------------------------------
 {"sub":"86000000-0000-4000-8000-000000000002","aal":"aal1"}
(1 row)

DO
RESET
DO
ROLLBACK

✓ rls SQL suite passed (5 file(s)).
