harness/agent-state/plan.md 78ms (unchanged)
harness/agent-state/progress.md 233ms
harness/feature_list.json 97ms (unchanged)
package.json 7ms (unchanged)
playwright.config.ts 100ms (unchanged)
scripts/run-sql-tests.mjs 28ms (unchanged)
scripts/setup-canonical-e2e.mjs 184ms (unchanged)
scripts/test-schedule-concurrency.mjs 106ms (unchanged)
src/app/(protected)/(admin)/admin/content/[id]/page.tsx 135ms (unchanged)
src/app/(protected)/(student)/agenda/actions.ts 37ms (unchanged)
src/app/(protected)/(student)/agenda/page.tsx 142ms (unchanged)
src/app/(protected)/(student)/aulas/[courseSlug]/modulos/[moduleId]/aulas/[lessonSlug]/page.tsx 50ms (unchanged)
src/app/(protected)/(student)/aulas/actions.ts 23ms (unchanged)
src/app/(protected)/(student)/pratica/actions.ts 30ms (unchanged)
src/app/(protected)/(student)/pratica/page.tsx 115ms (unchanged)
src/app/(protected)/(teacher)/teacher/page.tsx 23ms (unchanged)
src/app/(protected)/(teacher)/teacher/sessoes/[sessionId]/page.tsx 107ms (unchanged)
src/modules/admin-content/application/commands.ts 48ms (unchanged)
src/modules/domain/contracts.ts 161ms (unchanged)
src/modules/learning/application/ports.ts 14ms (unchanged)
src/modules/learning/application/queries.ts 41ms (unchanged)
src/modules/learning/domain/models.ts 8ms (unchanged)
src/modules/learning/ui/lesson-progress-controls.tsx 20ms (unchanged)
src/modules/practice/application/commands.ts 31ms (unchanged)
src/modules/practice/domain/models.ts 64ms (unchanged)
src/modules/teacher-operations/ui/teacher-operations.module.css 93ms (unchanged)
src/modules/teacher-operations/ui/teacher-shell.tsx 19ms (unchanged)
src/server/learning/supabase-learning-repository.ts 61ms (unchanged)
src/server/practice/supabase-practice-repository.ts 40ms (unchanged)
src/server/teacher-operations/teacher-operations.ts 9ms (unchanged)
tests/helpers/teacher-mfa.ts 34ms (unchanged)
harness/evidence/p21-p1-core-experience/README.md 12ms (unchanged)
harness/evidence/p21-p1-core-experience/REPORT.md 64ms
harness/goals/p21-p1-core-experience.md 40ms (unchanged)
scripts/_postgres-concurrency.mjs 15ms (unchanged)
scripts/test-core-experience-concurrency.mjs 21ms (unchanged)
src/app/(protected)/(admin)/admin/content/video-actions.ts 2ms (unchanged)
src/app/(protected)/(student)/agenda/[sessionId]/page.tsx 14ms (unchanged)
src/app/(protected)/(student)/aulas/video-actions.ts 17ms (unchanged)
src/app/(protected)/(teacher)/teacher/alunos/[studentId]/page.tsx 14ms (unchanged)
src/app/(protected)/(teacher)/teacher/alunos/actions.ts 5ms (unchanged)
src/app/(protected)/(teacher)/teacher/alunos/page.tsx 4ms (unchanged)
src/app/(protected)/(teacher)/teacher/disponibilidade/actions.ts 11ms (unchanged)
src/app/(protected)/(teacher)/teacher/disponibilidade/page.tsx 8ms (unchanged)
src/app/(protected)/(teacher)/teacher/revisoes/[attemptId]/page.tsx 11ms (unchanged)
src/app/(protected)/(teacher)/teacher/revisoes/actions.ts 7ms (unchanged)
src/app/(protected)/(teacher)/teacher/revisoes/page.tsx 6ms (unchanged)
src/app/(protected)/(teacher)/teacher/sessoes/actions.ts 11ms (unchanged)
src/app/(protected)/(teacher)/teacher/sessoes/nova/page.tsx 4ms (unchanged)
src/app/(protected)/(teacher)/teacher/sessoes/page.tsx 13ms (unchanged)
src/app/(protected)/(teacher)/teacher/sessoes/resource-actions.ts 12ms (unchanged)
src/app/(protected)/(teacher)/teacher/turmas/page.tsx 4ms (unchanged)
src/app/api/webhooks/mux/route.ts 11ms (unchanged)
src/modules/admin-content/ui/video-upload.tsx 8ms (unchanged)
src/modules/learning/application/video-provider.ts 5ms (unchanged)
src/modules/learning/ui/lesson-assets.tsx 5ms (unchanged)
src/modules/learning/ui/lesson-video.tsx 23ms (unchanged)
src/modules/learning/ui/protected-lesson-asset.tsx 5ms (unchanged)
src/modules/practice/domain/rubric.ts 3ms (unchanged)
src/modules/practice/ui/audio-playback.tsx 4ms (unchanged)
src/modules/practice/ui/audio-response.tsx 19ms (unchanged)
src/modules/schedule/application/meeting-provider.ts 2ms (unchanged)
src/modules/schedule/ui/join-meeting.tsx 6ms (unchanged)
src/modules/teacher-operations/domain/session-input.ts 9ms (unchanged)
src/modules/teacher-operations/ui/resource-access.tsx 5ms (unchanged)
src/modules/teacher-operations/ui/resource-file-upload.tsx 8ms (unchanged)
src/modules/teacher-operations/ui/session-form.tsx 20ms (unchanged)
src/modules/teacher-operations/ui/session-resources.tsx 10ms (unchanged)
src/server/admin-content/video-status.ts 5ms (unchanged)
src/server/media/lesson-video.ts 18ms (unchanged)
src/server/media/mux-provider.ts 18ms (unchanged)
src/server/practice/audio.ts 13ms (unchanged)
src/server/practice/manual-feedback.ts 3ms (unchanged)
src/server/schedule/meeting-access.ts 19ms (unchanged)
src/server/teacher-operations/operation-context.ts 23ms (unchanged)
src/server/teacher-operations/pedagogy.ts 19ms (unchanged)
src/server/teacher-operations/resources.ts 35ms (unchanged)
src/server/teacher-operations/session-commands.ts 13ms (unchanged)
tests/helpers/fake-video-provider.ts 20ms (unchanged)
tests/helpers/start-core-e2e-server.mjs 55ms (unchanged)
tests/integration/mux-provider.test.ts 35ms (unchanged)
tests/unit/p21-core-experience.test.ts 32ms (unchanged)
