Resetting local database...
Recreating database...
Initialising schema...
Seeding globals from roles.sql...
Skipping migration README.md... (file name must match pattern "<timestamp>_name.sql")
Applying migration 20260929035100_create_domain_contracts.sql...
Applying migration 20260929043000_auth_rbac_rls.sql...
Applying migration 20260929102000_canonical_vertical_slice.sql...
Applying migration 20260929233000_observability_analytics_audit.sql...
Applying migration 20260930172100_harden_learning_progress_analytics.sql...
Applying migration 20260930224323_practice_engine_v1.sql...
Applying migration 20261001005500_agenda_v1_booking.sql...
Applying migration 20261001030000_teacher_operations_v1.sql...
Applying migration 20261001155659_admin_content_v1.sql...
Applying migration 20261001190000_assessment_engine_v1.sql...
Applying migration 20261002042103_live_booking_usage_snapshot.sql...
Applying migration 20261002042106_live_booking_quota_commands.sql...
Applying migration 20261002042108_cohorts_v1_model.sql...
Applying migration 20261002042112_cohorts_v1_authorization_commands.sql...
Applying migration 20261002143757_p21_teacher_operations_v2.sql...
Applying migration 20261002144554_p21_teacher_pedagogy_v1.sql...
Applying migration 20261002144556_p21_recorded_video_learning_v1.sql...
Seeding data from supabase/seed.sql...
Restarting containers...
Finished supabase db reset on branch feat/p21-p1-core-experience.
{"target":"local","version":"","message":"Reset local database."}
A new version of Supabase CLI is available: v2.119.0 (currently installed v2.118.0)
We recommend updating regularly for new features and bug fixes: https://supabase.com/docs/guides/cli/getting-started#updating-the-supabase-cli
