
▶ psql supabase/tests/cohorts.sql
BEGIN
CREATE FUNCTION
INSERT 0 5
INSERT 0 5
INSERT 0 2
INSERT 0 2
INSERT 0 1
INSERT 0 2
INSERT 0 2
INSERT 0 2
INSERT 0 3
SET
              set_config              
--------------------------------------
 9c000000-0000-0000-0000-000000000001
(1 row)

                         set_config                          
-------------------------------------------------------------
 {"sub":"9c000000-0000-0000-0000-000000000001","aal":"aal1"}
(1 row)

 check_cohort 
--------------
 
(1 row)

 check_cohort 
--------------
 
(1 row)

 check_cohort 
--------------
 
(1 row)

 check_cohort 
--------------
 
(1 row)

          book_live_session           
--------------------------------------
 0d5d46bc-fd6e-4477-87bd-0c7c64114036
(1 row)

DO
              set_config              
--------------------------------------
 9c000000-0000-0000-0000-000000000002
(1 row)

                         set_config                          
-------------------------------------------------------------
 {"sub":"9c000000-0000-0000-0000-000000000002","aal":"aal1"}
(1 row)

DO
              set_config              
--------------------------------------
 9c000000-0000-0000-0000-000000000003
(1 row)

                         set_config                          
-------------------------------------------------------------
 {"sub":"9c000000-0000-0000-0000-000000000003","aal":"aal1"}
(1 row)

 check_cohort 
--------------
 
(1 row)

 check_cohort 
--------------
 
(1 row)

                         set_config                          
-------------------------------------------------------------
 {"sub":"9c000000-0000-0000-0000-000000000003","aal":"aal2"}
(1 row)

 check_cohort 
--------------
 
(1 row)

 check_cohort 
--------------
 
(1 row)

 check_cohort 
--------------
 
(1 row)

 check_cohort 
--------------
 
(1 row)

DO
              set_config              
--------------------------------------
 9c000000-0000-0000-0000-000000000005
(1 row)

                         set_config                          
-------------------------------------------------------------
 {"sub":"9c000000-0000-0000-0000-000000000005","aal":"aal1"}
(1 row)

DO
                         set_config                          
-------------------------------------------------------------
 {"sub":"9c000000-0000-0000-0000-000000000005","aal":"aal2"}
(1 row)

            manage_cohort             
--------------------------------------
 9c200000-0000-0000-0000-000000000001
(1 row)

              set_config              
--------------------------------------
 9c000000-0000-0000-0000-000000000001
(1 row)

                         set_config                          
-------------------------------------------------------------
 {"sub":"9c000000-0000-0000-0000-000000000001","aal":"aal1"}
(1 row)

 check_cohort 
--------------
 
(1 row)

         cancel_live_booking          
--------------------------------------
 0d5d46bc-fd6e-4477-87bd-0c7c64114036
(1 row)

DO
              set_config              
--------------------------------------
 9c000000-0000-0000-0000-000000000003
(1 row)

                         set_config                          
-------------------------------------------------------------
 {"sub":"9c000000-0000-0000-0000-000000000003","aal":"aal2"}
(1 row)

 check_cohort 
--------------
 
(1 row)

RESET
INSERT 0 1
SET
 check_cohort 
--------------
 
(1 row)

RESET
 check_cohort 
--------------
 
(1 row)

 check_cohort 
--------------
 
(1 row)

 check_cohort 
--------------
 
(1 row)

 check_cohort 
--------------
 
(1 row)

              set_config              
--------------------------------------
 9c000000-0000-0000-0000-000000000005
(1 row)

                         set_config                          
-------------------------------------------------------------
 {"sub":"9c000000-0000-0000-0000-000000000005","aal":"aal2"}
(1 row)

SET
            manage_cohort             
--------------------------------------
 9c200000-0000-0000-0000-000000000001
(1 row)

 check_cohort 
--------------
 
(1 row)

DO
            manage_cohort             
--------------------------------------
 49b8b28d-276c-4fe8-ad76-f59a0aec1d09
(1 row)

            manage_cohort             
--------------------------------------
 49b8b28d-276c-4fe8-ad76-f59a0aec1d09
(1 row)

            manage_cohort             
--------------------------------------
 49b8b28d-276c-4fe8-ad76-f59a0aec1d09
(1 row)

            manage_cohort             
--------------------------------------
 49b8b28d-276c-4fe8-ad76-f59a0aec1d09
(1 row)

 check_cohort 
--------------
 
(1 row)

            manage_cohort             
--------------------------------------
 49b8b28d-276c-4fe8-ad76-f59a0aec1d09
(1 row)

            manage_cohort             
--------------------------------------
 49b8b28d-276c-4fe8-ad76-f59a0aec1d09
(1 row)

 check_cohort 
--------------
 
(1 row)

            manage_cohort             
--------------------------------------
 49b8b28d-276c-4fe8-ad76-f59a0aec1d09
(1 row)

            manage_cohort             
--------------------------------------
 49b8b28d-276c-4fe8-ad76-f59a0aec1d09
(1 row)

RESET
 check_cohort 
--------------
 
(1 row)

ROLLBACK

▶ psql supabase/tests/rls_permissions.sql
INSERT 0 6
INSERT 0 6
INSERT 0 2
INSERT 0 1
INSERT 0 1
INSERT 0 1
INSERT 0 1
INSERT 0 3
INSERT 0 2
INSERT 0 2
INSERT 0 1
INSERT 0 1
INSERT 0 1
INSERT 0 1
INSERT 0 1
SET
              set_config              
--------------------------------------
 81000000-0000-0000-0000-000000000001
(1 row)

                         set_config                          
-------------------------------------------------------------
 {"sub":"81000000-0000-0000-0000-000000000001","aal":"aal1"}
(1 row)

DO
DO
              set_config              
--------------------------------------
 81000000-0000-0000-0000-000000000002
(1 row)

                         set_config                          
-------------------------------------------------------------
 {"sub":"81000000-0000-0000-0000-000000000002","aal":"aal1"}
(1 row)

DO
              set_config              
--------------------------------------
 81000000-0000-0000-0000-000000000003
(1 row)

                         set_config                          
-------------------------------------------------------------
 {"sub":"81000000-0000-0000-0000-000000000003","aal":"aal1"}
(1 row)

DO
                         set_config                          
-------------------------------------------------------------
 {"sub":"81000000-0000-0000-0000-000000000003","aal":"aal2"}
(1 row)

DO
              set_config              
--------------------------------------
 81000000-0000-0000-0000-000000000004
(1 row)

                         set_config                          
-------------------------------------------------------------
 {"sub":"81000000-0000-0000-0000-000000000004","aal":"aal2"}
(1 row)

DO
              set_config              
--------------------------------------
 81000000-0000-0000-0000-000000000005
(1 row)

                         set_config                          
-------------------------------------------------------------
 {"sub":"81000000-0000-0000-0000-000000000005","aal":"aal2"}
(1 row)

DO
              set_config              
--------------------------------------
 81000000-0000-0000-0000-000000000006
(1 row)

                         set_config                          
-------------------------------------------------------------
 {"sub":"81000000-0000-0000-0000-000000000006","aal":"aal1"}
(1 row)

DO
                         set_config                          
-------------------------------------------------------------
 {"sub":"81000000-0000-0000-0000-000000000006","aal":"aal2"}
(1 row)

DO
RESET
DO
DO

▶ psql supabase/tests/teacher_operations.sql
DELETE 1
DELETE 1
DELETE 3
DELETE 2
DELETE 1
DELETE 2
INSERT 0 0
INSERT 0 0
INSERT 0 2
INSERT 0 1
INSERT 0 2
INSERT 0 3
DO
SET
              set_config              
--------------------------------------
 89000000-0000-0000-0000-000000000003
(1 row)

                         set_config                          
-------------------------------------------------------------
 {"sub":"89000000-0000-0000-0000-000000000003","aal":"aal1"}
(1 row)

DO
              set_config              
--------------------------------------
 89000000-0000-0000-0000-000000000005
(1 row)

                         set_config                          
-------------------------------------------------------------
 {"sub":"89000000-0000-0000-0000-000000000005","aal":"aal2"}
(1 row)

DO
              set_config              
--------------------------------------
 89000000-0000-0000-0000-000000000006
(1 row)

                         set_config                          
-------------------------------------------------------------
 {"sub":"89000000-0000-0000-0000-000000000006","aal":"aal2"}
(1 row)

DO
              set_config              
--------------------------------------
 89000000-0000-0000-0000-000000000001
(1 row)

                         set_config                          
-------------------------------------------------------------
 {"sub":"89000000-0000-0000-0000-000000000001","aal":"aal1"}
(1 row)

DO
                         set_config                          
-------------------------------------------------------------
 {"sub":"89000000-0000-0000-0000-000000000001","aal":"aal2"}
(1 row)

DO
DO
              set_config              
--------------------------------------
 89000000-0000-0000-0000-000000000002
(1 row)

                         set_config                          
-------------------------------------------------------------
 {"sub":"89000000-0000-0000-0000-000000000002","aal":"aal2"}
(1 row)

DO
RESET
INSERT 0 1
SET
              set_config              
--------------------------------------
 89000000-0000-0000-0000-000000000001
(1 row)

                         set_config                          
-------------------------------------------------------------
 {"sub":"89000000-0000-0000-0000-000000000001","aal":"aal2"}
(1 row)

DO
RESET
DO

▶ psql supabase/tests/admin_content.sql
BEGIN
INSERT 0 4
INSERT 0 4
CREATE TABLE
GRANT
CREATE FUNCTION
CREATE FUNCTION
SET
              set_config              
--------------------------------------
 98000000-0000-4000-8000-000000000001
(1 row)

                                     set_config                                     
------------------------------------------------------------------------------------
 {"sub":"98000000-0000-4000-8000-000000000001","aal":"aal1","role":"authenticated"}
(1 row)

 denied 
--------
 
(1 row)

 denied 
--------
 
(1 row)

              set_config              
--------------------------------------
 98000000-0000-4000-8000-000000000001
(1 row)

                                     set_config                                     
------------------------------------------------------------------------------------
 {"sub":"98000000-0000-4000-8000-000000000001","aal":"aal2","role":"authenticated"}
(1 row)

INSERT 0 1
INSERT 0 1
INSERT 0 1
INSERT 0 1
INSERT 0 1
INSERT 0 1
INSERT 0 1
INSERT 0 1
INSERT 0 1
 assert_true 
-------------
 
(1 row)

 denied 
--------
 
(1 row)

 denied 
--------
 
(1 row)

 denied 
--------
 
(1 row)

 denied 
--------
 
(1 row)

 denied 
--------
 
(1 row)

          admin_content_save          
--------------------------------------
 b5bbc993-21bd-4390-be69-a13a1ecdbe9a
(1 row)

 assert_true 
-------------
 
(1 row)

RESET
INSERT 0 1
SET
              set_config              
--------------------------------------
 98000000-0000-4000-8000-000000000002
(1 row)

                                     set_config                                     
------------------------------------------------------------------------------------
 {"sub":"98000000-0000-4000-8000-000000000002","aal":"aal1","role":"authenticated"}
(1 row)

 assert_true 
-------------
 
(1 row)

 assert_true 
-------------
 
(1 row)

 assert_true 
-------------
 
(1 row)

 assert_true 
-------------
 
(1 row)

 assert_true 
-------------
 
(1 row)

 assert_true 
-------------
 
(1 row)

 denied 
--------
 
(1 row)

 denied 
--------
 
(1 row)

 denied 
--------
 
(1 row)

              set_config              
--------------------------------------
 98000000-0000-4000-8000-000000000003
(1 row)

                                     set_config                                     
------------------------------------------------------------------------------------
 {"sub":"98000000-0000-4000-8000-000000000003","aal":"aal2","role":"authenticated"}
(1 row)

 assert_true 
-------------
 
(1 row)

 denied 
--------
 
(1 row)

 denied 
--------
 
(1 row)

              set_config              
--------------------------------------
 98000000-0000-4000-8000-000000000004
(1 row)

                                     set_config                                     
------------------------------------------------------------------------------------
 {"sub":"98000000-0000-4000-8000-000000000004","aal":"aal2","role":"authenticated"}
(1 row)

 denied 
--------
 
(1 row)

              set_config              
--------------------------------------
 98000000-0000-4000-8000-000000000001
(1 row)

                                     set_config                                     
------------------------------------------------------------------------------------
 {"sub":"98000000-0000-4000-8000-000000000001","aal":"aal2","role":"authenticated"}
(1 row)

 admin_content_transition 
--------------------------
 
(1 row)

 admin_content_transition 
--------------------------
 
(1 row)

 admin_content_transition 
--------------------------
 
(1 row)

 admin_content_transition 
--------------------------
 
(1 row)

 admin_content_transition 
--------------------------
 
(1 row)

 denied 
--------
 
(1 row)

 denied 
--------
 
(1 row)

              set_config              
--------------------------------------
 98000000-0000-4000-8000-000000000002
(1 row)

                                     set_config                                     
------------------------------------------------------------------------------------
 {"sub":"98000000-0000-4000-8000-000000000002","aal":"aal1","role":"authenticated"}
(1 row)

 assert_true 
-------------
 
(1 row)

 assert_true 
-------------
 
(1 row)

 assert_true 
-------------
 
(1 row)

              set_config              
--------------------------------------
 98000000-0000-4000-8000-000000000001
(1 row)

                                     set_config                                     
------------------------------------------------------------------------------------
 {"sub":"98000000-0000-4000-8000-000000000001","aal":"aal2","role":"authenticated"}
(1 row)

 admin_content_transition 
--------------------------
 
(1 row)

 denied 
--------
 
(1 row)

 admin_content_reorder 
-----------------------
 
(1 row)

 admin_content_reorder 
-----------------------
 
(1 row)

 admin_content_reorder 
-----------------------
 
(1 row)

 assert_true 
-------------
 
(1 row)

 assert_true 
-------------
 
(1 row)

 assert_true 
-------------
 
(1 row)

 denied 
--------
 
(1 row)

 denied 
--------
 
(1 row)

 assert_true 
-------------
 
(1 row)

              set_config              
--------------------------------------
 98000000-0000-4000-8000-000000000002
(1 row)

                                     set_config                                     
------------------------------------------------------------------------------------
 {"sub":"98000000-0000-4000-8000-000000000002","aal":"aal1","role":"authenticated"}
(1 row)

 assert_true 
-------------
 
(1 row)

 assert_true 
-------------
 
(1 row)

 assert_true 
-------------
 
(1 row)

 assert_true 
-------------
 
(1 row)

 assert_true 
-------------
 
(1 row)

 assert_true 
-------------
 
(1 row)

 assert_true 
-------------
 
(1 row)

 assert_true 
-------------
 
(1 row)

                                                                                                                           record_lesson_progress                                                                                                                           
----------------------------------------------------------------------------------------------------------------------------------------------------------------------------------------------------------------------------------------------------------------------------
 (e55c5426-6c35-4b39-a007-a32802706672,6490c9de-dfe2-441a-9205-8b640b0c72e9,0c5f5730-ce3e-4c12-bb7e-f6d6650b1b7e,IN_PROGRESS,25.00,"2026-10-02 15:28:40.457045+00",,"2026-10-02 15:28:40.457045+00",98000000-0000-4000-8000-000000000002,0,"2026-10-02 15:28:40.457045+00")
(1 row)

                                                                                                             start_practice_attempt                                                                                                             
------------------------------------------------------------------------------------------------------------------------------------------------------------------------------------------------------------------------------------------------
 (77a3d287-954f-4207-b403-699e2d4daec4,98000000-0000-4000-8000-000000000002,19eefa73-702f-4f4b-864f-6109dad8e5ad,IN_PROGRESS,"2026-10-02 15:28:40.457045+00",,"{""evaluation_mode"": ""MANUAL_PENDING""}",ea0e0137-6c72-4df3-bfa1-544de3e92b90)
(1 row)

              set_config              
--------------------------------------
 98000000-0000-4000-8000-000000000001
(1 row)

                                     set_config                                     
------------------------------------------------------------------------------------
 {"sub":"98000000-0000-4000-8000-000000000001","aal":"aal2","role":"authenticated"}
(1 row)

 admin_content_transition 
--------------------------
 
(1 row)

 assert_true 
-------------
 
(1 row)

 assert_true 
-------------
 
(1 row)

 assert_true 
-------------
 
(1 row)

              set_config              
--------------------------------------
 98000000-0000-4000-8000-000000000002
(1 row)

                                     set_config                                     
------------------------------------------------------------------------------------
 {"sub":"98000000-0000-4000-8000-000000000002","aal":"aal1","role":"authenticated"}
(1 row)

 assert_true 
-------------
 
(1 row)

 denied 
--------
 
(1 row)

RESET
CREATE FUNCTION
CREATE TRIGGER
SET
              set_config              
--------------------------------------
 98000000-0000-4000-8000-000000000001
(1 row)

                                     set_config                                     
------------------------------------------------------------------------------------
 {"sub":"98000000-0000-4000-8000-000000000001","aal":"aal2","role":"authenticated"}
(1 row)

 denied 
--------
 
(1 row)

 assert_true 
-------------
 
(1 row)

RESET
DROP TRIGGER
SET
              set_config              
--------------------------------------
 98000000-0000-4000-8000-000000000001
(1 row)

                                     set_config                                     
------------------------------------------------------------------------------------
 {"sub":"98000000-0000-4000-8000-000000000001","aal":"aal2","role":"authenticated"}
(1 row)

INSERT 0 1
 denied 
--------
 
(1 row)

 assert_true 
-------------
 
(1 row)

INSERT 0 1
 denied 
--------
 
(1 row)

INSERT 0 1
 denied 
--------
 
(1 row)

INSERT 0 1
 admin_content_transition 
--------------------------
 
(1 row)

 assert_true 
-------------
 
(1 row)

              set_config              
--------------------------------------
 98000000-0000-4000-8000-000000000001
(1 row)

                                     set_config                                     
------------------------------------------------------------------------------------
 {"sub":"98000000-0000-4000-8000-000000000001","aal":"aal1","role":"authenticated"}
(1 row)

 denied 
--------
 
(1 row)

 denied 
--------
 
(1 row)

RESET
 assert_true 
-------------
 
(1 row)

 assert_true 
-------------
 
(1 row)

ROLLBACK

▶ psql supabase/tests/assessment_engine.sql
BEGIN
INSERT 0 2
INSERT 0 2
INSERT 0 1
INSERT 0 4
INSERT 0 5
UPDATE 3
SET
              set_config              
--------------------------------------
 86000000-0000-4000-8000-000000000001
(1 row)

                         set_config                          
-------------------------------------------------------------
 {"sub":"86000000-0000-4000-8000-000000000001","aal":"aal1"}
(1 row)

DO
DO
DO
              set_config              
--------------------------------------
 86000000-0000-4000-8000-000000000002
(1 row)

                         set_config                          
-------------------------------------------------------------
 {"sub":"86000000-0000-4000-8000-000000000002","aal":"aal1"}
(1 row)

DO
RESET
DO
ROLLBACK

▶ psql supabase/tests/p21_core_experience.sql
BEGIN
CREATE FUNCTION
INSERT 0 5
INSERT 0 5
INSERT 0 2
INSERT 0 2
INSERT 0 1
INSERT 0 2
INSERT 0 2
INSERT 0 2
SET
              set_config              
--------------------------------------
 a1000000-0000-4000-8000-000000000003
(1 row)

                         set_config                          
-------------------------------------------------------------
 {"sub":"a1000000-0000-4000-8000-000000000003","aal":"aal1"}
(1 row)

DO
                         set_config                          
-------------------------------------------------------------
 {"sub":"a1000000-0000-4000-8000-000000000003","aal":"aal2"}
(1 row)

              set_config              
--------------------------------------
 fd89c3ee-34dc-42a1-ab44-01e7ed6b4c17
(1 row)

              set_config              
--------------------------------------
 07121bb7-395e-443c-97df-72b0b7540067
(1 row)

              set_config              
--------------------------------------
 c7ce17bd-e10f-4334-a88b-7e708d821d33
(1 row)

DO
 p21_assert 
------------
 
(1 row)

              set_config              
--------------------------------------
 a1000000-0000-4000-8000-000000000001
(1 row)

                         set_config                          
-------------------------------------------------------------
 {"sub":"a1000000-0000-4000-8000-000000000001","aal":"aal1"}
(1 row)

 p21_assert 
------------
 
(1 row)

              set_config              
--------------------------------------
 58c41e25-8857-4cfd-b7e1-71f0f1b0a54b
(1 row)

 p21_assert 
------------
 
(1 row)

          book_live_session           
--------------------------------------
 f97e6173-78c4-4b99-8ea5-9290ccb842a3
(1 row)

 p21_assert 
------------
 
(1 row)

         cancel_live_booking          
--------------------------------------
 58c41e25-8857-4cfd-b7e1-71f0f1b0a54b
(1 row)

 p21_assert 
------------
 
(1 row)

              set_config              
--------------------------------------
 a1000000-0000-4000-8000-000000000002
(1 row)

                         set_config                          
-------------------------------------------------------------
 {"sub":"a1000000-0000-4000-8000-000000000002","aal":"aal1"}
(1 row)

 p21_assert 
------------
 
(1 row)

DO
 p21_assert 
------------
 
(1 row)

 p21_assert 
------------
 
(1 row)

              set_config              
--------------------------------------
 a1000000-0000-4000-8000-000000000003
(1 row)

                         set_config                          
-------------------------------------------------------------
 {"sub":"a1000000-0000-4000-8000-000000000003","aal":"aal2"}
(1 row)

         create_teacher_note          
--------------------------------------
 8e5fe7bd-d1dc-4289-9f24-82c7a9d25d87
(1 row)

              set_config              
--------------------------------------
 b47466f2-c89a-4a3a-964d-3848633592b6
(1 row)

DO
              set_config              
--------------------------------------
 a1000000-0000-4000-8000-000000000001
(1 row)

                         set_config                          
-------------------------------------------------------------
 {"sub":"a1000000-0000-4000-8000-000000000001","aal":"aal1"}
(1 row)

 p21_assert 
------------
 
(1 row)

 p21_assert 
------------
 
(1 row)

RESET
INSERT 0 1
SET
              set_config              
--------------------------------------
 a86e04ad-2de8-4abb-8ff8-718dfa0a76b6
(1 row)

              set_config              
--------------------------------------
 e0e3a4eb-00c4-495e-a62f-12d5b4f0e138
(1 row)

DO
RESET
INSERT 0 1
SET
 complete_practice_audio 
-------------------------
 
(1 row)

                                                                                           submit_practice_attempt                                                                                           
-------------------------------------------------------------------------------------------------------------------------------------------------------------------------------------------------------------
 (9bb9e9bb-2ec9-4908-b8fd-8931261b8b7c,a86e04ad-2de8-4abb-8ff8-718dfa0a76b6,,,"Aguardando revisão do professor.","{""evaluation_mode"": ""MANUAL_PENDING""}","2026-10-02 15:28:41.314138+00",PENDING_MANUAL)
(1 row)

              set_config              
--------------------------------------
 a1000000-0000-4000-8000-000000000004
(1 row)

                         set_config                          
-------------------------------------------------------------
 {"sub":"a1000000-0000-4000-8000-000000000004","aal":"aal2"}
(1 row)

 p21_assert 
------------
 
(1 row)

 p21_assert 
------------
 
(1 row)

              set_config              
--------------------------------------
 a1000000-0000-4000-8000-000000000003
(1 row)

                         set_config                          
-------------------------------------------------------------
 {"sub":"a1000000-0000-4000-8000-000000000003","aal":"aal2"}
(1 row)

 p21_assert 
------------
 
(1 row)

                                                                                    set_config                                                                                    
----------------------------------------------------------------------------------------------------------------------------------------------------------------------------------
 {"task_completion":"SOLID","comprehensibility":"SOLID","fluency":"DEVELOPING","language_accuracy":"DEVELOPING","vocabulary_use":"SOLID","pronunciation_intelligibility":"SOLID"}
(1 row)

              set_config              
--------------------------------------
 f15cfab7-6411-4f1d-9d5b-c68ffb3e80ee
(1 row)

 p21_assert 
------------
 
(1 row)

              set_config              
--------------------------------------
 a1000000-0000-4000-8000-000000000001
(1 row)

                         set_config                          
-------------------------------------------------------------
 {"sub":"a1000000-0000-4000-8000-000000000001","aal":"aal1"}
(1 row)

 p21_assert 
------------
 
(1 row)

 p21_assert 
------------
 
(1 row)

RESET
INSERT 0 1
              set_config              
--------------------------------------
 a1000000-0000-4000-8000-000000000005
(1 row)

                         set_config                          
-------------------------------------------------------------
 {"sub":"a1000000-0000-4000-8000-000000000005","aal":"aal2"}
(1 row)

SET
DO
                       prepare_lesson_video_upload                       
-------------------------------------------------------------------------
 {"id": "c335b3d5-4d10-4a0a-812c-ac16d44b9f50", "captionLanguage": "en"}
(1 row)

RESET
UPDATE 1
              set_config              
--------------------------------------
 c335b3d5-4d10-4a0a-812c-ac16d44b9f50
(1 row)

 p21_assert 
------------
 
(1 row)

 process_mux_provider_event 
----------------------------
 PROCESSED
(1 row)

 process_mux_provider_event 
----------------------------
 PROCESSED
(1 row)

 process_mux_provider_event 
----------------------------
 PROCESSED
(1 row)

 process_mux_provider_event 
----------------------------
 PROCESSED
(1 row)

 p21_assert 
------------
 
(1 row)

SET
 admin_content_transition 
--------------------------
 
(1 row)

              set_config              
--------------------------------------
 a1000000-0000-4000-8000-000000000001
(1 row)

                         set_config                          
-------------------------------------------------------------
 {"sub":"a1000000-0000-4000-8000-000000000001","aal":"aal1"}
(1 row)

 p21_assert 
------------
 
(1 row)

                                                                                                           record_lesson_progress                                                                                                            
---------------------------------------------------------------------------------------------------------------------------------------------------------------------------------------------------------------------------------------------
 (dceeb718-7ed1-48b8-b368-79c13e2aff6f,a1200000-0000-4000-8000-000000000001,42000000-0000-4000-8000-000000000001,NOT_STARTED,0.00,,,"2026-10-02 15:28:41.314138+00",a1000000-0000-4000-8000-000000000001,60,"2026-10-02 15:28:41.314138+00")
(1 row)

                                                                                                           record_lesson_progress                                                                                                            
---------------------------------------------------------------------------------------------------------------------------------------------------------------------------------------------------------------------------------------------
 (dceeb718-7ed1-48b8-b368-79c13e2aff6f,a1200000-0000-4000-8000-000000000001,42000000-0000-4000-8000-000000000001,NOT_STARTED,0.00,,,"2026-10-02 15:28:41.314138+00",a1000000-0000-4000-8000-000000000001,60,"2026-10-02 15:28:41.314138+00")
(1 row)

 p21_assert 
------------
 
(1 row)

ROLLBACK

✓ rls SQL suite passed (6 file(s)).
