
▶ psql supabase/tests/domain_invariants.sql
BEGIN
INSERT 0 3
INSERT 0 0
INSERT 0 1
INSERT 0 2
INSERT 0 1
INSERT 0 1
DO
INSERT 0 1
DO
INSERT 0 1
INSERT 0 1
INSERT 0 1
UPDATE 1
DO
ROLLBACK

▶ psql supabase/tests/vertical_slice_persistence.sql
INSERT 0 2
INSERT 0 2
INSERT 0 2
SET
              set_config              
--------------------------------------
 83000000-0000-0000-0000-000000000001
(1 row)

                         set_config                          
-------------------------------------------------------------
 {"sub":"83000000-0000-0000-0000-000000000001","aal":"aal1"}
(1 row)

DO
DO
              set_config              
--------------------------------------
 83000000-0000-0000-0000-000000000002
(1 row)

                         set_config                          
-------------------------------------------------------------
 {"sub":"83000000-0000-0000-0000-000000000002","aal":"aal1"}
(1 row)

DO
RESET
DO

▶ psql supabase/tests/practice_persistence.sql
INSERT 0 2
INSERT 0 2
SET
              set_config              
--------------------------------------
 84000000-0000-0000-0000-000000000001
(1 row)

                         set_config                          
-------------------------------------------------------------
 {"sub":"84000000-0000-0000-0000-000000000001","aal":"aal1"}
(1 row)

DO
              set_config              
--------------------------------------
 84000000-0000-0000-0000-000000000002
(1 row)

                         set_config                          
-------------------------------------------------------------
 {"sub":"84000000-0000-0000-0000-000000000002","aal":"aal1"}
(1 row)

DO
RESET
DO

▶ psql supabase/tests/schedule_booking.sql
INSERT 0 4
INSERT 0 4
INSERT 0 1
INSERT 0 3
INSERT 0 3
DELETE 0
SET
              set_config              
--------------------------------------
 85000000-0000-0000-0000-000000000001
(1 row)

                         set_config                          
-------------------------------------------------------------
 {"sub":"85000000-0000-0000-0000-000000000001","aal":"aal1"}
(1 row)

DO
              set_config              
--------------------------------------
 85000000-0000-0000-0000-000000000003
(1 row)

                         set_config                          
-------------------------------------------------------------
 {"sub":"85000000-0000-0000-0000-000000000003","aal":"aal1"}
(1 row)

DO
              set_config              
--------------------------------------
 85000000-0000-0000-0000-000000000001
(1 row)

                         set_config                          
-------------------------------------------------------------
 {"sub":"85000000-0000-0000-0000-000000000001","aal":"aal1"}
(1 row)

DO
              set_config              
--------------------------------------
 85000000-0000-0000-0000-000000000002
(1 row)

                         set_config                          
-------------------------------------------------------------
 {"sub":"85000000-0000-0000-0000-000000000002","aal":"aal1"}
(1 row)

DO
RESET
DO

▶ psql supabase/tests/booking_quota.sql
BEGIN
CREATE FUNCTION
INSERT 0 3
INSERT 0 3
INSERT 0 1
INSERT 0 2
INSERT 0 6
SET
              set_config              
--------------------------------------
 9b000000-0000-0000-0000-000000000001
(1 row)

                         set_config                          
-------------------------------------------------------------
 {"sub":"9b000000-0000-0000-0000-000000000001","aal":"aal1"}
(1 row)

          book_live_session           
--------------------------------------
 d9e57e62-f83c-45db-8132-48164b478a3b
(1 row)

 assert_true 
-------------
 
(1 row)

          book_live_session           
--------------------------------------
 47df4c43-2d20-412f-bcdb-0aa12774a6e8
(1 row)

          book_live_session           
--------------------------------------
 0c585d1b-3496-41cd-b837-8ff4d43b84f9
(1 row)

 assert_true 
-------------
 
(1 row)

          book_live_session           
--------------------------------------
 f7655c36-e094-4687-b9b7-83b798f84ead
(1 row)

 assert_true 
-------------
 
(1 row)

         cancel_live_booking          
--------------------------------------
 d9e57e62-f83c-45db-8132-48164b478a3b
(1 row)

         cancel_live_booking          
--------------------------------------
 d9e57e62-f83c-45db-8132-48164b478a3b
(1 row)

          book_live_session           
--------------------------------------
 d4dad4ff-57f0-4c19-a154-1a10f18869a0
(1 row)

 assert_true 
-------------
 
(1 row)

         cancel_live_booking          
--------------------------------------
 d4dad4ff-57f0-4c19-a154-1a10f18869a0
(1 row)

          book_live_session           
--------------------------------------
 d9e57e62-f83c-45db-8132-48164b478a3b
(1 row)

 assert_true 
-------------
 
(1 row)

RESET
 assert_true 
-------------
 
(1 row)

SET
DO
RESET
 assert_true 
-------------
 
(1 row)

 assert_true 
-------------
 
(1 row)

              set_config              
--------------------------------------
 9b000000-0000-0000-0000-000000000003
(1 row)

                         set_config                          
-------------------------------------------------------------
 {"sub":"9b000000-0000-0000-0000-000000000003","aal":"aal2"}
(1 row)

SET
                           mark_teacher_attendance                            
------------------------------------------------------------------------------
 (7731eab4-d359-4061-b766-68a6cfe965d4,NO_SHOW,"2026-10-02 15:28:22.3196+00")
(1 row)

RESET
 assert_true 
-------------
 
(1 row)

SET
 cancel_teacher_live_session 
-----------------------------
 
(1 row)

RESET
 assert_true 
-------------
 
(1 row)

              set_config              
--------------------------------------
 9b000000-0000-0000-0000-000000000001
(1 row)

                         set_config                          
-------------------------------------------------------------
 {"sub":"9b000000-0000-0000-0000-000000000001","aal":"aal1"}
(1 row)

SET
          book_live_session           
--------------------------------------
 d4dad4ff-57f0-4c19-a154-1a10f18869a0
(1 row)

RESET
 assert_true 
-------------
 
(1 row)

 assert_true 
-------------
 
(1 row)

 assert_true 
-------------
 
(1 row)

 assert_true 
-------------
 
(1 row)

 assert_true 
-------------
 
(1 row)

 assert_true 
-------------
 
(1 row)

 set_config 
------------
 
(1 row)

 set_config 
------------
 {}
(1 row)

INSERT 0 1
INSERT 0 1
              set_config              
--------------------------------------
 9b000000-0000-0000-0000-000000000002
(1 row)

                         set_config                          
-------------------------------------------------------------
 {"sub":"9b000000-0000-0000-0000-000000000002","aal":"aal1"}
(1 row)

SET
         cancel_live_booking          
--------------------------------------
 1ddde060-7933-487c-b8c3-b74b73a3a661
(1 row)

RESET
 assert_true 
-------------
 
(1 row)

 assert_true 
-------------
 
(1 row)

DO
UPDATE 1
 assert_true 
-------------
 
(1 row)

 assert_true 
-------------
 
(1 row)

UPDATE 1
 assert_true 
-------------
 
(1 row)

UPDATE 1
DO
ROLLBACK

▶ psql supabase/tests/cohorts.sql
BEGIN
CREATE FUNCTION
INSERT 0 5
INSERT 0 5
INSERT 0 2
INSERT 0 2
INSERT 0 1
INSERT 0 2
INSERT 0 2
INSERT 0 2
INSERT 0 3
SET
              set_config              
--------------------------------------
 9c000000-0000-0000-0000-000000000001
(1 row)

                         set_config                          
-------------------------------------------------------------
 {"sub":"9c000000-0000-0000-0000-000000000001","aal":"aal1"}
(1 row)

 check_cohort 
--------------
 
(1 row)

 check_cohort 
--------------
 
(1 row)

 check_cohort 
--------------
 
(1 row)

 check_cohort 
--------------
 
(1 row)

          book_live_session           
--------------------------------------
 6653e048-8820-47e3-8609-34ca25c686e2
(1 row)

DO
              set_config              
--------------------------------------
 9c000000-0000-0000-0000-000000000002
(1 row)

                         set_config                          
-------------------------------------------------------------
 {"sub":"9c000000-0000-0000-0000-000000000002","aal":"aal1"}
(1 row)

DO
              set_config              
--------------------------------------
 9c000000-0000-0000-0000-000000000003
(1 row)

                         set_config                          
-------------------------------------------------------------
 {"sub":"9c000000-0000-0000-0000-000000000003","aal":"aal1"}
(1 row)

 check_cohort 
--------------
 
(1 row)

 check_cohort 
--------------
 
(1 row)

                         set_config                          
-------------------------------------------------------------
 {"sub":"9c000000-0000-0000-0000-000000000003","aal":"aal2"}
(1 row)

 check_cohort 
--------------
 
(1 row)

 check_cohort 
--------------
 
(1 row)

 check_cohort 
--------------
 
(1 row)

 check_cohort 
--------------
 
(1 row)

DO
              set_config              
--------------------------------------
 9c000000-0000-0000-0000-000000000005
(1 row)

                         set_config                          
-------------------------------------------------------------
 {"sub":"9c000000-0000-0000-0000-000000000005","aal":"aal1"}
(1 row)

DO
                         set_config                          
-------------------------------------------------------------
 {"sub":"9c000000-0000-0000-0000-000000000005","aal":"aal2"}
(1 row)

            manage_cohort             
--------------------------------------
 9c200000-0000-0000-0000-000000000001
(1 row)

              set_config              
--------------------------------------
 9c000000-0000-0000-0000-000000000001
(1 row)

                         set_config                          
-------------------------------------------------------------
 {"sub":"9c000000-0000-0000-0000-000000000001","aal":"aal1"}
(1 row)

 check_cohort 
--------------
 
(1 row)

         cancel_live_booking          
--------------------------------------
 6653e048-8820-47e3-8609-34ca25c686e2
(1 row)

DO
              set_config              
--------------------------------------
 9c000000-0000-0000-0000-000000000003
(1 row)

                         set_config                          
-------------------------------------------------------------
 {"sub":"9c000000-0000-0000-0000-000000000003","aal":"aal2"}
(1 row)

 check_cohort 
--------------
 
(1 row)

RESET
INSERT 0 1
SET
 check_cohort 
--------------
 
(1 row)

RESET
 check_cohort 
--------------
 
(1 row)

 check_cohort 
--------------
 
(1 row)

 check_cohort 
--------------
 
(1 row)

 check_cohort 
--------------
 
(1 row)

              set_config              
--------------------------------------
 9c000000-0000-0000-0000-000000000005
(1 row)

                         set_config                          
-------------------------------------------------------------
 {"sub":"9c000000-0000-0000-0000-000000000005","aal":"aal2"}
(1 row)

SET
            manage_cohort             
--------------------------------------
 9c200000-0000-0000-0000-000000000001
(1 row)

 check_cohort 
--------------
 
(1 row)

DO
            manage_cohort             
--------------------------------------
 c29d1709-833a-4385-bfa4-c7d97d049f74
(1 row)

            manage_cohort             
--------------------------------------
 c29d1709-833a-4385-bfa4-c7d97d049f74
(1 row)

            manage_cohort             
--------------------------------------
 c29d1709-833a-4385-bfa4-c7d97d049f74
(1 row)

            manage_cohort             
--------------------------------------
 c29d1709-833a-4385-bfa4-c7d97d049f74
(1 row)

 check_cohort 
--------------
 
(1 row)

            manage_cohort             
--------------------------------------
 c29d1709-833a-4385-bfa4-c7d97d049f74
(1 row)

            manage_cohort             
--------------------------------------
 c29d1709-833a-4385-bfa4-c7d97d049f74
(1 row)

 check_cohort 
--------------
 
(1 row)

            manage_cohort             
--------------------------------------
 c29d1709-833a-4385-bfa4-c7d97d049f74
(1 row)

            manage_cohort             
--------------------------------------
 c29d1709-833a-4385-bfa4-c7d97d049f74
(1 row)

RESET
 check_cohort 
--------------
 
(1 row)

ROLLBACK

▶ psql supabase/tests/teacher_operations.sql
DELETE 0
DELETE 0
DELETE 0
DELETE 0
DELETE 0
DELETE 0
INSERT 0 6
INSERT 0 6
INSERT 0 2
INSERT 0 1
INSERT 0 2
INSERT 0 3
DO
SET
              set_config              
--------------------------------------
 89000000-0000-0000-0000-000000000003
(1 row)

                         set_config                          
-------------------------------------------------------------
 {"sub":"89000000-0000-0000-0000-000000000003","aal":"aal1"}
(1 row)

DO
              set_config              
--------------------------------------
 89000000-0000-0000-0000-000000000005
(1 row)

                         set_config                          
-------------------------------------------------------------
 {"sub":"89000000-0000-0000-0000-000000000005","aal":"aal2"}
(1 row)

DO
              set_config              
--------------------------------------
 89000000-0000-0000-0000-000000000006
(1 row)

                         set_config                          
-------------------------------------------------------------
 {"sub":"89000000-0000-0000-0000-000000000006","aal":"aal2"}
(1 row)

DO
              set_config              
--------------------------------------
 89000000-0000-0000-0000-000000000001
(1 row)

                         set_config                          
-------------------------------------------------------------
 {"sub":"89000000-0000-0000-0000-000000000001","aal":"aal1"}
(1 row)

DO
                         set_config                          
-------------------------------------------------------------
 {"sub":"89000000-0000-0000-0000-000000000001","aal":"aal2"}
(1 row)

DO
DO
              set_config              
--------------------------------------
 89000000-0000-0000-0000-000000000002
(1 row)

                         set_config                          
-------------------------------------------------------------
 {"sub":"89000000-0000-0000-0000-000000000002","aal":"aal2"}
(1 row)

DO
RESET
INSERT 0 1
SET
              set_config              
--------------------------------------
 89000000-0000-0000-0000-000000000001
(1 row)

                         set_config                          
-------------------------------------------------------------
 {"sub":"89000000-0000-0000-0000-000000000001","aal":"aal2"}
(1 row)

DO
RESET
DO

▶ psql supabase/tests/admin_content.sql
BEGIN
INSERT 0 4
INSERT 0 4
CREATE TABLE
GRANT
CREATE FUNCTION
CREATE FUNCTION
SET
              set_config              
--------------------------------------
 98000000-0000-4000-8000-000000000001
(1 row)

                                     set_config                                     
------------------------------------------------------------------------------------
 {"sub":"98000000-0000-4000-8000-000000000001","aal":"aal1","role":"authenticated"}
(1 row)

 denied 
--------
 
(1 row)

 denied 
--------
 
(1 row)

              set_config              
--------------------------------------
 98000000-0000-4000-8000-000000000001
(1 row)

                                     set_config                                     
------------------------------------------------------------------------------------
 {"sub":"98000000-0000-4000-8000-000000000001","aal":"aal2","role":"authenticated"}
(1 row)

INSERT 0 1
INSERT 0 1
INSERT 0 1
INSERT 0 1
INSERT 0 1
INSERT 0 1
INSERT 0 1
INSERT 0 1
INSERT 0 1
 assert_true 
-------------
 
(1 row)

 denied 
--------
 
(1 row)

 denied 
--------
 
(1 row)

 denied 
--------
 
(1 row)

 denied 
--------
 
(1 row)

 denied 
--------
 
(1 row)

          admin_content_save          
--------------------------------------
 d5d0a7f3-4b42-4a67-b3a4-eacab92afcfb
(1 row)

 assert_true 
-------------
 
(1 row)

RESET
INSERT 0 1
SET
              set_config              
--------------------------------------
 98000000-0000-4000-8000-000000000002
(1 row)

                                     set_config                                     
------------------------------------------------------------------------------------
 {"sub":"98000000-0000-4000-8000-000000000002","aal":"aal1","role":"authenticated"}
(1 row)

 assert_true 
-------------
 
(1 row)

 assert_true 
-------------
 
(1 row)

 assert_true 
-------------
 
(1 row)

 assert_true 
-------------
 
(1 row)

 assert_true 
-------------
 
(1 row)

 assert_true 
-------------
 
(1 row)

 denied 
--------
 
(1 row)

 denied 
--------
 
(1 row)

 denied 
--------
 
(1 row)

              set_config              
--------------------------------------
 98000000-0000-4000-8000-000000000003
(1 row)

                                     set_config                                     
------------------------------------------------------------------------------------
 {"sub":"98000000-0000-4000-8000-000000000003","aal":"aal2","role":"authenticated"}
(1 row)

 assert_true 
-------------
 
(1 row)

 denied 
--------
 
(1 row)

 denied 
--------
 
(1 row)

              set_config              
--------------------------------------
 98000000-0000-4000-8000-000000000004
(1 row)

                                     set_config                                     
------------------------------------------------------------------------------------
 {"sub":"98000000-0000-4000-8000-000000000004","aal":"aal2","role":"authenticated"}
(1 row)

 denied 
--------
 
(1 row)

              set_config              
--------------------------------------
 98000000-0000-4000-8000-000000000001
(1 row)

                                     set_config                                     
------------------------------------------------------------------------------------
 {"sub":"98000000-0000-4000-8000-000000000001","aal":"aal2","role":"authenticated"}
(1 row)

 admin_content_transition 
--------------------------
 
(1 row)

 admin_content_transition 
--------------------------
 
(1 row)

 admin_content_transition 
--------------------------
 
(1 row)

 admin_content_transition 
--------------------------
 
(1 row)

 admin_content_transition 
--------------------------
 
(1 row)

 denied 
--------
 
(1 row)

 denied 
--------
 
(1 row)

              set_config              
--------------------------------------
 98000000-0000-4000-8000-000000000002
(1 row)

                                     set_config                                     
------------------------------------------------------------------------------------
 {"sub":"98000000-0000-4000-8000-000000000002","aal":"aal1","role":"authenticated"}
(1 row)

 assert_true 
-------------
 
(1 row)

 assert_true 
-------------
 
(1 row)

 assert_true 
-------------
 
(1 row)

              set_config              
--------------------------------------
 98000000-0000-4000-8000-000000000001
(1 row)

                                     set_config                                     
------------------------------------------------------------------------------------
 {"sub":"98000000-0000-4000-8000-000000000001","aal":"aal2","role":"authenticated"}
(1 row)

 admin_content_transition 
--------------------------
 
(1 row)

 denied 
--------
 
(1 row)

 admin_content_reorder 
-----------------------
 
(1 row)

 admin_content_reorder 
-----------------------
 
(1 row)

 admin_content_reorder 
-----------------------
 
(1 row)

 assert_true 
-------------
 
(1 row)

 assert_true 
-------------
 
(1 row)

 assert_true 
-------------
 
(1 row)

 denied 
--------
 
(1 row)

 denied 
--------
 
(1 row)

 assert_true 
-------------
 
(1 row)

              set_config              
--------------------------------------
 98000000-0000-4000-8000-000000000002
(1 row)

                                     set_config                                     
------------------------------------------------------------------------------------
 {"sub":"98000000-0000-4000-8000-000000000002","aal":"aal1","role":"authenticated"}
(1 row)

 assert_true 
-------------
 
(1 row)

 assert_true 
-------------
 
(1 row)

 assert_true 
-------------
 
(1 row)

 assert_true 
-------------
 
(1 row)

 assert_true 
-------------
 
(1 row)

 assert_true 
-------------
 
(1 row)

 assert_true 
-------------
 
(1 row)

 assert_true 
-------------
 
(1 row)

                                                                                                                           record_lesson_progress                                                                                                                           
----------------------------------------------------------------------------------------------------------------------------------------------------------------------------------------------------------------------------------------------------------------------------
 (8bbb72f7-f2dc-4886-8b6a-4d37b767fe92,b2a14206-42df-47f7-8835-ae160622d83c,4b56ae16-5da4-4cee-893a-de6b54a8c565,IN_PROGRESS,25.00,"2026-10-02 15:28:24.790973+00",,"2026-10-02 15:28:24.790973+00",98000000-0000-4000-8000-000000000002,0,"2026-10-02 15:28:24.790973+00")
(1 row)

                                                                                                             start_practice_attempt                                                                                                             
------------------------------------------------------------------------------------------------------------------------------------------------------------------------------------------------------------------------------------------------
 (1db4c155-ab3c-45ca-9026-58ef423f050c,98000000-0000-4000-8000-000000000002,94072a66-4d24-4e37-90b3-80c7620a81b3,IN_PROGRESS,"2026-10-02 15:28:24.790973+00",,"{""evaluation_mode"": ""MANUAL_PENDING""}",9bfdb581-6560-46ce-bff3-a3eb0af3fd6f)
(1 row)

              set_config              
--------------------------------------
 98000000-0000-4000-8000-000000000001
(1 row)

                                     set_config                                     
------------------------------------------------------------------------------------
 {"sub":"98000000-0000-4000-8000-000000000001","aal":"aal2","role":"authenticated"}
(1 row)

 admin_content_transition 
--------------------------
 
(1 row)

 assert_true 
-------------
 
(1 row)

 assert_true 
-------------
 
(1 row)

 assert_true 
-------------
 
(1 row)

              set_config              
--------------------------------------
 98000000-0000-4000-8000-000000000002
(1 row)

                                     set_config                                     
------------------------------------------------------------------------------------
 {"sub":"98000000-0000-4000-8000-000000000002","aal":"aal1","role":"authenticated"}
(1 row)

 assert_true 
-------------
 
(1 row)

 denied 
--------
 
(1 row)

RESET
CREATE FUNCTION
CREATE TRIGGER
SET
              set_config              
--------------------------------------
 98000000-0000-4000-8000-000000000001
(1 row)

                                     set_config                                     
------------------------------------------------------------------------------------
 {"sub":"98000000-0000-4000-8000-000000000001","aal":"aal2","role":"authenticated"}
(1 row)

 denied 
--------
 
(1 row)

 assert_true 
-------------
 
(1 row)

RESET
DROP TRIGGER
SET
              set_config              
--------------------------------------
 98000000-0000-4000-8000-000000000001
(1 row)

                                     set_config                                     
------------------------------------------------------------------------------------
 {"sub":"98000000-0000-4000-8000-000000000001","aal":"aal2","role":"authenticated"}
(1 row)

INSERT 0 1
 denied 
--------
 
(1 row)

 assert_true 
-------------
 
(1 row)

INSERT 0 1
 denied 
--------
 
(1 row)

INSERT 0 1
 denied 
--------
 
(1 row)

INSERT 0 1
 admin_content_transition 
--------------------------
 
(1 row)

 assert_true 
-------------
 
(1 row)

              set_config              
--------------------------------------
 98000000-0000-4000-8000-000000000001
(1 row)

                                     set_config                                     
------------------------------------------------------------------------------------
 {"sub":"98000000-0000-4000-8000-000000000001","aal":"aal1","role":"authenticated"}
(1 row)

 denied 
--------
 
(1 row)

 denied 
--------
 
(1 row)

RESET
 assert_true 
-------------
 
(1 row)

 assert_true 
-------------
 
(1 row)

ROLLBACK

▶ psql supabase/tests/assessment_engine.sql
BEGIN
INSERT 0 2
INSERT 0 2
INSERT 0 1
INSERT 0 4
INSERT 0 5
UPDATE 3
SET
              set_config              
--------------------------------------
 86000000-0000-4000-8000-000000000001
(1 row)

                         set_config                          
-------------------------------------------------------------
 {"sub":"86000000-0000-4000-8000-000000000001","aal":"aal1"}
(1 row)

DO
DO
DO
              set_config              
--------------------------------------
 86000000-0000-4000-8000-000000000002
(1 row)

                         set_config                          
-------------------------------------------------------------
 {"sub":"86000000-0000-4000-8000-000000000002","aal":"aal1"}
(1 row)

DO
RESET
DO
ROLLBACK

▶ psql supabase/tests/p21_core_experience.sql
BEGIN
CREATE FUNCTION
INSERT 0 5
INSERT 0 5
INSERT 0 2
INSERT 0 2
INSERT 0 1
INSERT 0 2
INSERT 0 2
INSERT 0 2
SET
              set_config              
--------------------------------------
 a1000000-0000-4000-8000-000000000003
(1 row)

                         set_config                          
-------------------------------------------------------------
 {"sub":"a1000000-0000-4000-8000-000000000003","aal":"aal1"}
(1 row)

DO
                         set_config                          
-------------------------------------------------------------
 {"sub":"a1000000-0000-4000-8000-000000000003","aal":"aal2"}
(1 row)

              set_config              
--------------------------------------
 ac0ddaf1-8e0c-4098-9322-b3cc5d4ee412
(1 row)

              set_config              
--------------------------------------
 eca5b381-e685-4d0f-97cc-6d71b6ee2cd5
(1 row)

              set_config              
--------------------------------------
 015d3add-4ddd-4cbd-b103-a64f530f4a70
(1 row)

DO
 p21_assert 
------------
 
(1 row)

              set_config              
--------------------------------------
 a1000000-0000-4000-8000-000000000001
(1 row)

                         set_config                          
-------------------------------------------------------------
 {"sub":"a1000000-0000-4000-8000-000000000001","aal":"aal1"}
(1 row)

 p21_assert 
------------
 
(1 row)

              set_config              
--------------------------------------
 7e18d63a-7230-43af-b177-eb1f1d1e47e6
(1 row)

 p21_assert 
------------
 
(1 row)

          book_live_session           
--------------------------------------
 294d9875-6459-4a81-8b7e-8f6d63118d9a
(1 row)

 p21_assert 
------------
 
(1 row)

         cancel_live_booking          
--------------------------------------
 7e18d63a-7230-43af-b177-eb1f1d1e47e6
(1 row)

 p21_assert 
------------
 
(1 row)

              set_config              
--------------------------------------
 a1000000-0000-4000-8000-000000000002
(1 row)

                         set_config                          
-------------------------------------------------------------
 {"sub":"a1000000-0000-4000-8000-000000000002","aal":"aal1"}
(1 row)

 p21_assert 
------------
 
(1 row)

DO
 p21_assert 
------------
 
(1 row)

 p21_assert 
------------
 
(1 row)

              set_config              
--------------------------------------
 a1000000-0000-4000-8000-000000000003
(1 row)

                         set_config                          
-------------------------------------------------------------
 {"sub":"a1000000-0000-4000-8000-000000000003","aal":"aal2"}
(1 row)

         create_teacher_note          
--------------------------------------
 62b1151b-a304-402d-9d25-1a6f8ebabf8f
(1 row)

              set_config              
--------------------------------------
 163da34c-d5e1-4305-9e08-2a4962e96ac0
(1 row)

DO
              set_config              
--------------------------------------
 a1000000-0000-4000-8000-000000000001
(1 row)

                         set_config                          
-------------------------------------------------------------
 {"sub":"a1000000-0000-4000-8000-000000000001","aal":"aal1"}
(1 row)

 p21_assert 
------------
 
(1 row)

 p21_assert 
------------
 
(1 row)

RESET
INSERT 0 1
SET
              set_config              
--------------------------------------
 5ae63389-974a-47db-8b04-607b5a683707
(1 row)

              set_config              
--------------------------------------
 4b17430c-d4e4-4fa4-9ded-d72b44c70a5c
(1 row)

DO
RESET
INSERT 0 1
SET
 complete_practice_audio 
-------------------------
 
(1 row)

                                                                                          submit_practice_attempt                                                                                           
------------------------------------------------------------------------------------------------------------------------------------------------------------------------------------------------------------
 (27d5cadd-a7fb-4859-a3a3-90423e850df1,5ae63389-974a-47db-8b04-607b5a683707,,,"Aguardando revisão do professor.","{""evaluation_mode"": ""MANUAL_PENDING""}","2026-10-02 15:28:25.78007+00",PENDING_MANUAL)
(1 row)

              set_config              
--------------------------------------
 a1000000-0000-4000-8000-000000000004
(1 row)

                         set_config                          
-------------------------------------------------------------
 {"sub":"a1000000-0000-4000-8000-000000000004","aal":"aal2"}
(1 row)

 p21_assert 
------------
 
(1 row)

 p21_assert 
------------
 
(1 row)

              set_config              
--------------------------------------
 a1000000-0000-4000-8000-000000000003
(1 row)

                         set_config                          
-------------------------------------------------------------
 {"sub":"a1000000-0000-4000-8000-000000000003","aal":"aal2"}
(1 row)

 p21_assert 
------------
 
(1 row)

                                                                                    set_config                                                                                    
----------------------------------------------------------------------------------------------------------------------------------------------------------------------------------
 {"task_completion":"SOLID","comprehensibility":"SOLID","fluency":"DEVELOPING","language_accuracy":"DEVELOPING","vocabulary_use":"SOLID","pronunciation_intelligibility":"SOLID"}
(1 row)

              set_config              
--------------------------------------
 eb2f9bc7-5bfc-4df8-976c-0c73f9aaf205
(1 row)

 p21_assert 
------------
 
(1 row)

              set_config              
--------------------------------------
 a1000000-0000-4000-8000-000000000001
(1 row)

                         set_config                          
-------------------------------------------------------------
 {"sub":"a1000000-0000-4000-8000-000000000001","aal":"aal1"}
(1 row)

 p21_assert 
------------
 
(1 row)

 p21_assert 
------------
 
(1 row)

RESET
INSERT 0 1
              set_config              
--------------------------------------
 a1000000-0000-4000-8000-000000000005
(1 row)

                         set_config                          
-------------------------------------------------------------
 {"sub":"a1000000-0000-4000-8000-000000000005","aal":"aal2"}
(1 row)

SET
DO
                       prepare_lesson_video_upload                       
-------------------------------------------------------------------------
 {"id": "7fe76739-1930-49d5-9450-7dce3ab2bd5b", "captionLanguage": "en"}
(1 row)

RESET
UPDATE 1
              set_config              
--------------------------------------
 7fe76739-1930-49d5-9450-7dce3ab2bd5b
(1 row)

 p21_assert 
------------
 
(1 row)

 process_mux_provider_event 
----------------------------
 PROCESSED
(1 row)

 process_mux_provider_event 
----------------------------
 PROCESSED
(1 row)

 process_mux_provider_event 
----------------------------
 PROCESSED
(1 row)

 process_mux_provider_event 
----------------------------
 PROCESSED
(1 row)

 p21_assert 
------------
 
(1 row)

SET
 admin_content_transition 
--------------------------
 
(1 row)

              set_config              
--------------------------------------
 a1000000-0000-4000-8000-000000000001
(1 row)

                         set_config                          
-------------------------------------------------------------
 {"sub":"a1000000-0000-4000-8000-000000000001","aal":"aal1"}
(1 row)

 p21_assert 
------------
 
(1 row)

                                                                                                          record_lesson_progress                                                                                                           
-------------------------------------------------------------------------------------------------------------------------------------------------------------------------------------------------------------------------------------------
 (17c8307a-545a-49e6-a83d-9f47bc27d9fb,a1200000-0000-4000-8000-000000000001,42000000-0000-4000-8000-000000000001,NOT_STARTED,0.00,,,"2026-10-02 15:28:25.78007+00",a1000000-0000-4000-8000-000000000001,60,"2026-10-02 15:28:25.78007+00")
(1 row)

                                                                                                          record_lesson_progress                                                                                                           
-------------------------------------------------------------------------------------------------------------------------------------------------------------------------------------------------------------------------------------------
 (17c8307a-545a-49e6-a83d-9f47bc27d9fb,a1200000-0000-4000-8000-000000000001,42000000-0000-4000-8000-000000000001,NOT_STARTED,0.00,,,"2026-10-02 15:28:25.78007+00",a1000000-0000-4000-8000-000000000001,60,"2026-10-02 15:28:25.78007+00")
(1 row)

 p21_assert 
------------
 
(1 row)

ROLLBACK

▶ real Agenda concurrency
✓ Agenda real concurrency passed: two concurrent users, exactly one BOOKED.
✓ Quota real concurrency passed: one Student, two distinct sessions, limit=1, exactly one BOOKED.
✓ Real retry/cancellation concurrency passed: stable UUID and at most one consumed unit.
✓ Teacher cancellation versus attendance/booking races passed: unique attendance, cancelled sessions and zero active consumption.

✓ integration SQL suite passed (10 file(s)).
